
Allocating common symbols
Common symbol       size              file

algo                0x1               alarm_monitor.o
Sen_STATE           0x4               main.o
alarm               0x1               alarm_monitor.o
A_STATE             0x4               alarm_monitor.o
Algo_STATE          0x4               alarm_monitor.o
sensor              0x1               main.o
act                 0x1               alarm_act.o
Act_STATE           0x4               alarm_act.o

Memory Configuration

Name             Origin             Length             Attributes
flash            0x08000000         0x00020000         xr
sram             0x20000000         0x00005000         xrw
*default*        0x00000000         0xffffffff

Linker script and memory map


.text           0x08000000      0x3f0
 *(.vectors*)
 .vectors       0x08000000       0x1c startup.o
                0x08000000                vectors
 *(.text*)
 .text          0x0800001c       0x84 alarm_act.o
                0x0800001c                init
                0x08000028                start_alarm
                0x08000036                stop_alarm
                0x08000044                ST_act_wait
                0x08000068                ST_act_off
                0x08000084                ST_act_on
 .text          0x080000a0       0xa0 alarm_monitor.o
                0x080000a0                detect_high_pressure
                0x080000bc                ST_AlarmOff
                0x080000d8                ST_AlarmOn
                0x08000108                ST_A_waiting
 .text          0x08000140       0x5c Algo.o
                0x08000140                set_pval
                0x08000158                ST_High_Pressure_Detection
 .text          0x0800019c       0xc4 driver.o
                0x0800019c                Delay
                0x080001bc                getPressureVal
                0x080001d4                Set_Alarm_actuator
                0x08000210                GPIO_INITIALIZATION
 .text          0x08000260       0x8c main.o
                0x08000260                setup
                0x080002ac                main
 .text          0x080002ec       0x74 Psensor.o
                0x080002ec                Sensor_init
                0x080002f8                ST_reading
                0x08000328                ST_waiting
 .text          0x08000360       0x90 startup.o
                0x08000360                Bus_fault
                0x08000360                Usage_fault_Handler
                0x08000360                Default_Handler
                0x08000360                NM_fault_Handler
                0x08000360                H_fault_Handler
                0x08000360                NMI_Handler
                0x0800036c                reset_Handler
 *(.rodata)
                0x080003f0                _E_text = .

.glue_7         0x080003f0        0x0
 .glue_7        0x080003f0        0x0 linker stubs

.glue_7t        0x080003f0        0x0
 .glue_7t       0x080003f0        0x0 linker stubs

.vfp11_veneer   0x080003f0        0x0
 .vfp11_veneer  0x080003f0        0x0 linker stubs

.v4_bx          0x080003f0        0x0
 .v4_bx         0x080003f0        0x0 linker stubs

.iplt           0x080003f0        0x0
 .iplt          0x080003f0        0x0 alarm_act.o

.rel.dyn        0x080003f0        0x0
 .rel.iplt      0x080003f0        0x0 alarm_act.o

.data           0x20000000        0x4 load address 0x080003f0
                0x20000000                _S_data = .
 *(.data)
 .data          0x20000000        0x0 alarm_act.o
 .data          0x20000000        0x0 alarm_monitor.o
 .data          0x20000000        0x4 Algo.o
                0x20000000                threshold
 .data          0x20000004        0x0 driver.o
 .data          0x20000004        0x0 main.o
 .data          0x20000004        0x0 Psensor.o
 .data          0x20000004        0x0 startup.o
                0x20000004                . = ALIGN (0x4)
                0x20000004                _E_data = .

.igot.plt       0x20000004        0x0 load address 0x080003f4
 .igot.plt      0x20000004        0x0 alarm_act.o

.bss            0x20000004     0x1014 load address 0x080003f4
                0x20000004                _S_bss = .
 *(.bss*)
 .bss           0x20000004        0x0 alarm_act.o
 .bss           0x20000004        0x8 alarm_monitor.o
                0x20000004                Alarm_flag
                0x20000008                A_timer
 .bss           0x2000000c        0x4 Algo.o
                0x2000000c                pVal
 .bss           0x20000010        0x0 driver.o
 .bss           0x20000010        0x0 main.o
 .bss           0x20000010        0x8 Psensor.o
                0x20000010                s_pval
                0x20000014                s_timer
 .bss           0x20000018        0x0 startup.o
                0x20000018                . = ALIGN (0x4)
                0x20000018                _E_bss = .
                0x20000018                . = ALIGN (0x4)
                0x20001018                . = (. + 0x1000)
 *fill*         0x20000018     0x1000 
                0x20001018                _stack_top = .

.comment        0x080003f4       0x99
 *(.comment)
 .comment       0x080003f4       0x7e alarm_act.o
                                 0x7f (size before relaxing)
 .comment       0x08000472       0x7f alarm_monitor.o
 .comment       0x08000472       0x7f Algo.o
 .comment       0x08000472       0x7f driver.o
 .comment       0x08000472       0x7f main.o
 .comment       0x08000472       0x7f Psensor.o
 .comment       0x08000472       0x7f startup.o
 *(COMMON)
 *fill*         0x08000472        0x2 
 COMMON         0x08000474        0x8 alarm_act.o
                0x08000474                act
                0x08000478                Act_STATE
 COMMON         0x0800047c        0xc alarm_monitor.o
                0x0800047c                algo
                0x0800047d                alarm
                0x08000480                A_STATE
                0x08000484                Algo_STATE
 COMMON         0x08000488        0x5 main.o
                0x08000488                Sen_STATE
                0x0800048c                sensor
LOAD alarm_act.o
LOAD alarm_monitor.o
LOAD Algo.o
LOAD driver.o
LOAD main.o
LOAD Psensor.o
LOAD startup.o
OUTPUT(main.elf elf32-littlearm)

.ARM.attributes
                0x00000000       0x33
 .ARM.attributes
                0x00000000       0x33 alarm_act.o
 .ARM.attributes
                0x00000033       0x33 alarm_monitor.o
 .ARM.attributes
                0x00000066       0x33 Algo.o
 .ARM.attributes
                0x00000099       0x33 driver.o
 .ARM.attributes
                0x000000cc       0x33 main.o
 .ARM.attributes
                0x000000ff       0x33 Psensor.o
 .ARM.attributes
                0x00000132       0x33 startup.o

.debug_info     0x00000000     0x1208
 .debug_info    0x00000000      0x148 alarm_act.o
 .debug_info    0x00000148      0x16d alarm_monitor.o
 .debug_info    0x000002b5       0xff Algo.o
 .debug_info    0x000003b4      0xa05 driver.o
 .debug_info    0x00000db9      0x1a5 main.o
 .debug_info    0x00000f5e      0x11a Psensor.o
 .debug_info    0x00001078      0x190 startup.o

.debug_abbrev   0x00000000      0x5c1
 .debug_abbrev  0x00000000       0xb8 alarm_act.o
 .debug_abbrev  0x000000b8       0x96 alarm_monitor.o
 .debug_abbrev  0x0000014e       0x80 Algo.o
 .debug_abbrev  0x000001ce      0x1de driver.o
 .debug_abbrev  0x000003ac       0xa9 main.o
 .debug_abbrev  0x00000455       0x96 Psensor.o
 .debug_abbrev  0x000004eb       0xd6 startup.o

.debug_loc      0x00000000      0x508
 .debug_loc     0x00000000      0x138 alarm_act.o
 .debug_loc     0x00000138       0xc8 alarm_monitor.o
 .debug_loc     0x00000200       0x58 Algo.o
 .debug_loc     0x00000258      0x140 driver.o
 .debug_loc     0x00000398       0x58 main.o
 .debug_loc     0x000003f0       0x9c Psensor.o
 .debug_loc     0x0000048c       0x7c startup.o

.debug_aranges  0x00000000       0xe0
 .debug_aranges
                0x00000000       0x20 alarm_act.o
 .debug_aranges
                0x00000020       0x20 alarm_monitor.o
 .debug_aranges
                0x00000040       0x20 Algo.o
 .debug_aranges
                0x00000060       0x20 driver.o
 .debug_aranges
                0x00000080       0x20 main.o
 .debug_aranges
                0x000000a0       0x20 Psensor.o
 .debug_aranges
                0x000000c0       0x20 startup.o

.debug_line     0x00000000      0x511
 .debug_line    0x00000000       0x5c alarm_act.o
 .debug_line    0x0000005c       0x7b alarm_monitor.o
 .debug_line    0x000000d7       0x4e Algo.o
 .debug_line    0x00000125      0x1b9 driver.o
 .debug_line    0x000002de       0x99 main.o
 .debug_line    0x00000377       0x5e Psensor.o
 .debug_line    0x000003d5      0x13c startup.o

.debug_str      0x00000000      0x6c8
 .debug_str     0x00000000      0x127 alarm_act.o
                                0x178 (size before relaxing)
 .debug_str     0x00000127       0x69 alarm_monitor.o
                                0x1af (size before relaxing)
 .debug_str     0x00000190       0x3a Algo.o
                                0x164 (size before relaxing)
 .debug_str     0x000001ca      0x41a driver.o
                                0x54f (size before relaxing)
 .debug_str     0x000005e4       0x23 main.o
                                0x1a8 (size before relaxing)
 .debug_str     0x00000607       0x3b Psensor.o
                                0x15e (size before relaxing)
 .debug_str     0x00000642       0x86 startup.o
                                0x19c (size before relaxing)

.debug_frame    0x00000000      0x32c
 .debug_frame   0x00000000       0xc0 alarm_act.o
 .debug_frame   0x000000c0       0x84 alarm_monitor.o
 .debug_frame   0x00000144       0x48 Algo.o
 .debug_frame   0x0000018c       0xa0 driver.o
 .debug_frame   0x0000022c       0x48 main.o
 .debug_frame   0x00000274       0x68 Psensor.o
 .debug_frame   0x000002dc       0x50 startup.o
