Archive member included to satisfy reference by file (symbol)

f:/st/stm32cubeide_1.4.0/stm32cubeide/plugins/com.st.stm32cube.ide.mcu.externaltools.gnu-tools-for-stm32.7-2018-q2-update.win32_1.4.0.202007081208/tools/bin/../lib/gcc/arm-none-eabi/7.3.1/../../../../arm-none-eabi/lib/thumb/v7-m\libc_nano.a(lib_a-atoi.o)
                              Src/main.o (atoi)
f:/st/stm32cubeide_1.4.0/stm32cubeide/plugins/com.st.stm32cube.ide.mcu.externaltools.gnu-tools-for-stm32.7-2018-q2-update.win32_1.4.0.202007081208/tools/bin/../lib/gcc/arm-none-eabi/7.3.1/../../../../arm-none-eabi/lib/thumb/v7-m\libc_nano.a(lib_a-errno.o)
                              Src/syscalls.o (__errno)
f:/st/stm32cubeide_1.4.0/stm32cubeide/plugins/com.st.stm32cube.ide.mcu.externaltools.gnu-tools-for-stm32.7-2018-q2-update.win32_1.4.0.202007081208/tools/bin/../lib/gcc/arm-none-eabi/7.3.1/../../../../arm-none-eabi/lib/thumb/v7-m\libc_nano.a(lib_a-exit.o)
                              f:/st/stm32cubeide_1.4.0/stm32cubeide/plugins/com.st.stm32cube.ide.mcu.externaltools.gnu-tools-for-stm32.7-2018-q2-update.win32_1.4.0.202007081208/tools/bin/../lib/gcc/arm-none-eabi/7.3.1/../../../../arm-none-eabi/lib/thumb/v7-m/crt0.o (exit)
f:/st/stm32cubeide_1.4.0/stm32cubeide/plugins/com.st.stm32cube.ide.mcu.externaltools.gnu-tools-for-stm32.7-2018-q2-update.win32_1.4.0.202007081208/tools/bin/../lib/gcc/arm-none-eabi/7.3.1/../../../../arm-none-eabi/lib/thumb/v7-m\libc_nano.a(lib_a-impure.o)
                              f:/st/stm32cubeide_1.4.0/stm32cubeide/plugins/com.st.stm32cube.ide.mcu.externaltools.gnu-tools-for-stm32.7-2018-q2-update.win32_1.4.0.202007081208/tools/bin/../lib/gcc/arm-none-eabi/7.3.1/../../../../arm-none-eabi/lib/thumb/v7-m\libc_nano.a(lib_a-exit.o) (_global_impure_ptr)
f:/st/stm32cubeide_1.4.0/stm32cubeide/plugins/com.st.stm32cube.ide.mcu.externaltools.gnu-tools-for-stm32.7-2018-q2-update.win32_1.4.0.202007081208/tools/bin/../lib/gcc/arm-none-eabi/7.3.1/../../../../arm-none-eabi/lib/thumb/v7-m\libc_nano.a(lib_a-init.o)
                              f:/st/stm32cubeide_1.4.0/stm32cubeide/plugins/com.st.stm32cube.ide.mcu.externaltools.gnu-tools-for-stm32.7-2018-q2-update.win32_1.4.0.202007081208/tools/bin/../lib/gcc/arm-none-eabi/7.3.1/../../../../arm-none-eabi/lib/thumb/v7-m/crt0.o (__libc_init_array)
f:/st/stm32cubeide_1.4.0/stm32cubeide/plugins/com.st.stm32cube.ide.mcu.externaltools.gnu-tools-for-stm32.7-2018-q2-update.win32_1.4.0.202007081208/tools/bin/../lib/gcc/arm-none-eabi/7.3.1/../../../../arm-none-eabi/lib/thumb/v7-m\libc_nano.a(lib_a-itoa.o)
                              Src/main.o (itoa)
f:/st/stm32cubeide_1.4.0/stm32cubeide/plugins/com.st.stm32cube.ide.mcu.externaltools.gnu-tools-for-stm32.7-2018-q2-update.win32_1.4.0.202007081208/tools/bin/../lib/gcc/arm-none-eabi/7.3.1/../../../../arm-none-eabi/lib/thumb/v7-m\libc_nano.a(lib_a-memset.o)
                              f:/st/stm32cubeide_1.4.0/stm32cubeide/plugins/com.st.stm32cube.ide.mcu.externaltools.gnu-tools-for-stm32.7-2018-q2-update.win32_1.4.0.202007081208/tools/bin/../lib/gcc/arm-none-eabi/7.3.1/../../../../arm-none-eabi/lib/thumb/v7-m/crt0.o (memset)
f:/st/stm32cubeide_1.4.0/stm32cubeide/plugins/com.st.stm32cube.ide.mcu.externaltools.gnu-tools-for-stm32.7-2018-q2-update.win32_1.4.0.202007081208/tools/bin/../lib/gcc/arm-none-eabi/7.3.1/../../../../arm-none-eabi/lib/thumb/v7-m\libc_nano.a(lib_a-sprintf.o)
                              Stm32_F103C6_Drivers/LCD_Driver/LCD.o (sprintf)
f:/st/stm32cubeide_1.4.0/stm32cubeide/plugins/com.st.stm32cube.ide.mcu.externaltools.gnu-tools-for-stm32.7-2018-q2-update.win32_1.4.0.202007081208/tools/bin/../lib/gcc/arm-none-eabi/7.3.1/../../../../arm-none-eabi/lib/thumb/v7-m\libc_nano.a(lib_a-strtol.o)
                              f:/st/stm32cubeide_1.4.0/stm32cubeide/plugins/com.st.stm32cube.ide.mcu.externaltools.gnu-tools-for-stm32.7-2018-q2-update.win32_1.4.0.202007081208/tools/bin/../lib/gcc/arm-none-eabi/7.3.1/../../../../arm-none-eabi/lib/thumb/v7-m\libc_nano.a(lib_a-atoi.o) (_strtol_r)
f:/st/stm32cubeide_1.4.0/stm32cubeide/plugins/com.st.stm32cube.ide.mcu.externaltools.gnu-tools-for-stm32.7-2018-q2-update.win32_1.4.0.202007081208/tools/bin/../lib/gcc/arm-none-eabi/7.3.1/../../../../arm-none-eabi/lib/thumb/v7-m\libc_nano.a(lib_a-utoa.o)
                              f:/st/stm32cubeide_1.4.0/stm32cubeide/plugins/com.st.stm32cube.ide.mcu.externaltools.gnu-tools-for-stm32.7-2018-q2-update.win32_1.4.0.202007081208/tools/bin/../lib/gcc/arm-none-eabi/7.3.1/../../../../arm-none-eabi/lib/thumb/v7-m\libc_nano.a(lib_a-itoa.o) (__utoa)
f:/st/stm32cubeide_1.4.0/stm32cubeide/plugins/com.st.stm32cube.ide.mcu.externaltools.gnu-tools-for-stm32.7-2018-q2-update.win32_1.4.0.202007081208/tools/bin/../lib/gcc/arm-none-eabi/7.3.1/../../../../arm-none-eabi/lib/thumb/v7-m\libc_nano.a(lib_a-locale.o)
[...]
Memory Configuration

Name             Origin             Length             Attributes
RAM              0x0000000020000000 0x0000000000002800 xrw
ROM              0x0000000008000000 0x0000000000008000 xr
*default*        0x0000000000000000 0xffffffffffffffff

Linker script and memory map

LOAD f:/st/stm32cubeide_1.4.0/stm32cubeide/plugins/com.st.stm32cube.ide.mcu.externaltools.gnu-tools-for-stm32.7-2018-q2-update.win32_1.4.0.202007081208/tools/bin/../lib/gcc/arm-none-eabi/7.3.1/thumb/v7-m/crti.o
LOAD f:/st/stm32cubeide_1.4.0/stm32cubeide/plugins/com.st.stm32cube.ide.mcu.externaltools.gnu-tools-for-stm32.7-2018-q2-update.win32_1.4.0.202007081208/tools/bin/../lib/gcc/arm-none-eabi/7.3.1/thumb/v7-m/crtbegin.o
LOAD f:/st/stm32cubeide_1.4.0/stm32cubeide/plugins/com.st.stm32cube.ide.mcu.externaltools.gnu-tools-for-stm32.7-2018-q2-update.win32_1.4.0.202007081208/tools/bin/../lib/gcc/arm-none-eabi/7.3.1/../../../../arm-none-eabi/lib/thumb/v7-m/crt0.o
LOAD Src/main.o
LOAD Src/syscalls.o
LOAD Src/sysmem.o
LOAD Startup/startup_stm32f103c6tx.o
LOAD Stm32_F103C6_Drivers/GPIO_Driver/Stm32F_103C6_Gpio_Driver.o
LOAD Stm32_F103C6_Drivers/KeyPad_Driver/KeyPad.o
LOAD Stm32_F103C6_Drivers/LCD_Driver/LCD.o
START GROUP
LOAD f:/st/stm32cubeide_1.4.0/stm32cubeide/plugins/com.st.stm32cube.ide.mcu.externaltools.gnu-tools-for-stm32.7-2018-q2-update.win32_1.4.0.202007081208/tools/bin/../lib/gcc/arm-none-eabi/7.3.1/../../../../arm-none-eabi/lib/thumb/v7-m\libc_nano.a
LOAD f:/st/stm32cubeide_1.4.0/stm32cubeide/plugins/com.st.stm32cube.ide.mcu.externaltools.gnu-tools-for-stm32.7-2018-q2-update.win32_1.4.0.202007081208/tools/bin/../lib/gcc/arm-none-eabi/7.3.1/../../../../arm-none-eabi/lib/thumb/v7-m\libm.a
END GROUP
START GROUP
LOAD f:/st/stm32cubeide_1.4.0/stm32cubeide/plugins/com.st.stm32cube.ide.mcu.externaltools.gnu-tools-for-stm32.7-2018-q2-update.win32_1.4.0.202007081208/tools/bin/../lib/gcc/arm-none-eabi/7.3.1/thumb/v7-m\libgcc.a
LOAD f:/st/stm32cubeide_1.4.0/stm32cubeide/plugins/com.st.stm32cube.ide.mcu.externaltools.gnu-tools-for-stm32.7-2018-q2-update.win32_1.4.0.202007081208/tools/bin/../lib/gcc/arm-none-eabi/7.3.1/../../../../arm-none-eabi/lib/thumb/v7-m\libg_nano.a
LOAD f:/st/stm32cubeide_1.4.0/stm32cubeide/plugins/com.st.stm32cube.ide.mcu.externaltools.gnu-tools-for-stm32.7-2018-q2-update.win32_1.4.0.202007081208/tools/bin/../lib/gcc/arm-none-eabi/7.3.1/../../../../arm-none-eabi/lib/thumb/v7-m\libc_nano.a
END GROUP
START GROUP
LOAD f:/st/stm32cubeide_1.4.0/stm32cubeide/plugins/com.st.stm32cube.ide.mcu.externaltools.gnu-tools-for-stm32.7-2018-q2-update.win32_1.4.0.202007081208/tools/bin/../lib/gcc/arm-none-eabi/7.3.1/thumb/v7-m\libgcc.a
LOAD f:/st/stm32cubeide_1.4.0/stm32cubeide/plugins/com.st.stm32cube.ide.mcu.externaltools.gnu-tools-for-stm32.7-2018-q2-update.win32_1.4.0.202007081208/tools/bin/../lib/gcc/arm-none-eabi/7.3.1/../../../../arm-none-eabi/lib/thumb/v7-m\libc_nano.a
LOAD f:/st/stm32cubeide_1.4.0/stm32cubeide/plugins/com.st.stm32cube.ide.mcu.externaltools.gnu-tools-for-stm32.7-2018-q2-update.win32_1.4.0.202007081208/tools/bin/../lib/gcc/arm-none-eabi/7.3.1/../../../../arm-none-eabi/lib/thumb/v7-m\libnosys.a
END GROUP
START GROUP
LOAD f:/st/stm32cubeide_1.4.0/stm32cubeide/plugins/com.st.stm32cube.ide.mcu.externaltools.gnu-tools-for-stm32.7-2018-q2-update.win32_1.4.0.202007081208/tools/bin/../lib/gcc/arm-none-eabi/7.3.1/thumb/v7-m\libgcc.a
LOAD f:/st/stm32cubeide_1.4.0/stm32cubeide/plugins/com.st.stm32cube.ide.mcu.externaltools.gnu-tools-for-stm32.7-2018-q2-update.win32_1.4.0.202007081208/tools/bin/../lib/gcc/arm-none-eabi/7.3.1/../../../../arm-none-eabi/lib/thumb/v7-m\libc_nano.a
LOAD f:/st/stm32cubeide_1.4.0/stm32cubeide/plugins/com.st.stm32cube.ide.mcu.externaltools.gnu-tools-for-stm32.7-2018-q2-update.win32_1.4.0.202007081208/tools/bin/../lib/gcc/arm-none-eabi/7.3.1/../../../../arm-none-eabi/lib/thumb/v7-m\libnosys.a
END GROUP
LOAD f:/st/stm32cubeide_1.4.0/stm32cubeide/plugins/com.st.stm32cube.ide.mcu.externaltools.gnu-tools-for-stm32.7-2018-q2-update.win32_1.4.0.202007081208/tools/bin/../lib/gcc/arm-none-eabi/7.3.1/thumb/v7-m/crtend.o
LOAD f:/st/stm32cubeide_1.4.0/stm32cubeide/plugins/com.st.stm32cube.ide.mcu.externaltools.gnu-tools-for-stm32.7-2018-q2-update.win32_1.4.0.202007081208/tools/bin/../lib/gcc/arm-none-eabi/7.3.1/thumb/v7-m/crtn.o
                0x0000000020002800                _estack = (ORIGIN (RAM) + LENGTH (RAM))
                0x0000000000000200                _Min_Heap_Size = 0x200
                0x0000000000000400                _Min_Stack_Size = 0x400

.isr_vector     0x0000000008000000      0x130
                0x0000000008000000                . = ALIGN (0x4)
 *(.isr_vector)
 .isr_vector    0x0000000008000000      0x130 Startup/startup_stm32f103c6tx.o
                0x0000000008000000                g_pfnVectors
                0x0000000008000130                . = ALIGN (0x4)

.text           0x0000000008000130      0xe38
                0x0000000008000130                . = ALIGN (0x4)
 *(.text)
 .text          0x0000000008000130       0x40 f:/st/stm32cubeide_1.4.0/stm32cubeide/plugins/com.st.stm32cube.ide.mcu.externaltools.gnu-tools-for-stm32.7-2018-q2-update.win32_1.4.0.202007081208/tools/bin/../lib/gcc/arm-none-eabi/7.3.1/thumb/v7-m/crtbegin.o
 *(.text*)
 .text.clock_init
                0x0000000008000170       0x28 Src/main.o
                0x0000000008000170                clock_init
 .text.wait     0x0000000008000198       0x38 Src/main.o
                0x0000000008000198                wait
 .text.seven_seg_init
                0x00000000080001d0       0x48 Src/main.o
                0x00000000080001d0                seven_seg_init
 .text.main     0x0000000008000218       0xb0 Src/main.o
                0x0000000008000218                main
 .text.Reset_Handler
                0x00000000080002c8       0x50 Startup/startup_stm32f103c6tx.o
                0x00000000080002c8                Reset_Handler
 .text.Default_Handler
                0x0000000008000318        0x2 Startup/startup_stm32f103c6tx.o
                0x0000000008000318                EXTI2_IRQHandler
                0x0000000008000318                TIM8_TRG_COM_IRQHandler
                0x0000000008000318                TIM8_CC_IRQHandler
                0x0000000008000318                DebugMon_Handler
                0x0000000008000318                TIM1_CC_IRQHandler
                0x0000000008000318                HardFault_Handler
                0x0000000008000318                TIM6_IRQHandler
                0x0000000008000318                SysTick_Handler
                0x0000000008000318                PVD_IRQHandler
                0x0000000008000318                SDIO_IRQHandler
                0x0000000008000318                PendSV_Handler
                0x0000000008000318                NMI_Handler
                0x0000000008000318                EXTI3_IRQHandler
                0x0000000008000318                USB_HP_CAN_TX_IRQHandler
                0x0000000008000318                EXTI0_IRQHandler
                0x0000000008000318                I2C2_EV_IRQHandler
                0x0000000008000318                UsageFault_Handler
                0x0000000008000318                ADC1_2_IRQHandler
                0x0000000008000318                SPI1_IRQHandler
                0x0000000008000318                CAN_SCE_IRQHandler
                0x0000000008000318                TAMPER_IRQHandler
                0x0000000008000318                TIM8_UP_IRQHandler
                0x0000000008000318                DMA2_Channel2_IRQHandler
                0x0000000008000318                DMA1_Channel4_IRQHandler
                0x0000000008000318                USART3_IRQHandler
                0x0000000008000318                RTC_IRQHandler
                0x0000000008000318                DMA1_Channel7_IRQHandler
                0x0000000008000318                UART5_IRQHandler
                0x0000000008000318                ADC3_IRQHandler
                0x0000000008000318                TIM4_IRQHandler
                0x0000000008000318                CAN_RX1_IRQHandler
                0x0000000008000318                DMA2_Channel1_IRQHandler
                0x0000000008000318                I2C1_EV_IRQHandler
                0x0000000008000318                DMA1_Channel6_IRQHandler
                0x0000000008000318                UART4_IRQHandler
                0x0000000008000318                TIM3_IRQHandler
                0x0000000008000318                RCC_IRQHandler
                0x0000000008000318                TIM1_TRG_COM_IRQHandler
                0x0000000008000318                DMA1_Channel1_IRQHandler
                0x0000000008000318                Default_Handler
                0x0000000008000318                EXTI15_10_IRQHandler
                0x0000000008000318                TIM7_IRQHandler
                0x0000000008000318                TIM5_IRQHandler
                0x0000000008000318                EXTI9_5_IRQHandler
                0x0000000008000318                SPI2_IRQHandler
                0x0000000008000318                USB_LP_CAN_RX0_IRQHandler
                0x0000000008000318                MemManage_Handler
                0x0000000008000318                SVC_Handler
                0x0000000008000318                DMA1_Channel5_IRQHandler
                0x0000000008000318                EXTI4_IRQHandler
                0x0000000008000318                DMA1_Channel3_IRQHandler
                0x0000000008000318                FSMC_IRQHandler
                0x0000000008000318                TIM1_UP_IRQHandler
                0x0000000008000318                WWDG_IRQHandler
                0x0000000008000318                TIM2_IRQHandler
                0x0000000008000318                TIM1_BRK_IRQHandler
                0x0000000008000318                EXTI1_IRQHandler
                0x0000000008000318                RTCAlarm_IRQHandler
                0x0000000008000318                DMA2_Channel4_5_IRQHandler
                0x0000000008000318                USART2_IRQHandler
                0x0000000008000318                I2C2_ER_IRQHandler
                0x0000000008000318                DMA1_Channel2_IRQHandler
                0x0000000008000318                TIM8_BRK_IRQHandler
                0x0000000008000318                FLASH_IRQHandler
                0x0000000008000318                BusFault_Handler
                0x0000000008000318                USART1_IRQHandler
                0x0000000008000318                SPI3_IRQHandler
                0x0000000008000318                I2C1_ER_IRQHandler
                0x0000000008000318                DMA2_Channel3_IRQHandler
 .text.get_CRLH_position
                0x000000000800031a       0xc6 Stm32_F103C6_Drivers/GPIO_Driver/Stm32F_103C6_Gpio_Driver.o
                0x000000000800031a                get_CRLH_position
 .text.MCAL_GPIO_Init
                0x00000000080003e0      0x12c Stm32_F103C6_Drivers/GPIO_Driver/Stm32F_103C6_Gpio_Driver.o
                0x00000000080003e0                MCAL_GPIO_Init
 .text.MCAL_GPIO_ReadPin
                0x000000000800050c       0x2e Stm32_F103C6_Drivers/GPIO_Driver/Stm32F_103C6_Gpio_Driver.o
                0x000000000800050c                MCAL_GPIO_ReadPin
 .text.MCAL_GPIO_WritePin
                0x000000000800053a       0x2e Stm32_F103C6_Drivers/GPIO_Driver/Stm32F_103C6_Gpio_Driver.o
                0x000000000800053a                MCAL_GPIO_WritePin
 .text.MCAL_GPIO_WritePort
                0x0000000008000568       0x1c Stm32_F103C6_Drivers/GPIO_Driver/Stm32F_103C6_Gpio_Driver.o
                0x0000000008000568                MCAL_GPIO_WritePort
 .text.Keypad_init
                0x0000000008000584       0xcc Stm32_F103C6_Drivers/KeyPad_Driver/KeyPad.o
                0x0000000008000584                Keypad_init
 .text.Keypad_getkey
                0x0000000008000650      0x194 Stm32_F103C6_Drivers/KeyPad_Driver/KeyPad.o
                0x0000000008000650                Keypad_getkey
 .text._delay_ms
                0x00000000080007e4       0x38 Stm32_F103C6_Drivers/LCD_Driver/LCD.o
                0x00000000080007e4                _delay_ms
 .text.LCD_clear_screen
                0x000000000800081c       0x18 Stm32_F103C6_Drivers/LCD_Driver/LCD.o
                0x000000000800081c                LCD_clear_screen
 .text.LCD_lcd_kick
                0x0000000008000834       0x2c Stm32_F103C6_Drivers/LCD_Driver/LCD.o
                0x0000000008000834                LCD_lcd_kick
 .text.LCD_GOTO_XY
                0x0000000008000860       0x54 Stm32_F103C6_Drivers/LCD_Driver/LCD.o
                0x0000000008000860                LCD_GOTO_XY
 .text.LCD_INIT
                0x00000000080008b4      0x180 Stm32_F103C6_Drivers/LCD_Driver/LCD.o
                0x00000000080008b4                LCD_INIT
 .text.LCD_check_lcd_isbusy
                0x0000000008000a34      0x1a8 Stm32_F103C6_Drivers/LCD_Driver/LCD.o
                0x0000000008000a34                LCD_check_lcd_isbusy
 .text.LCD_WRITE_COMMAND
                0x0000000008000bdc       0x48 Stm32_F103C6_Drivers/LCD_Driver/LCD.o
                0x0000000008000bdc                LCD_WRITE_COMMAND
 .text.check_position
                0x0000000008000c24       0x44 Stm32_F103C6_Drivers/LCD_Driver/LCD.o
                0x0000000008000c24                check_position
 .text.LCD_WRITE_CHAR
                0x0000000008000c68       0x58 Stm32_F103C6_Drivers/LCD_Driver/LCD.o
                0x0000000008000c68                LCD_WRITE_CHAR
 .text.LCD_WRITE_STRING
                0x0000000008000cc0       0x28 Stm32_F103C6_Drivers/LCD_Driver/LCD.o
                0x0000000008000cc0                LCD_WRITE_STRING
 .text.atoi     0x0000000008000ce8        0x8 f:/st/stm32cubeide_1.4.0/stm32cubeide/plugins/com.st.stm32cube.ide.mcu.externaltools.gnu-tools-for-stm32.7-2018-q2-update.win32_1.4.0.202007081208/tools/bin/../lib/gcc/arm-none-eabi/7.3.1/../../../../arm-none-eabi/lib/thumb/v7-m\libc_nano.a(lib_a-atoi.o)
                0x0000000008000ce8                atoi
 .text.__libc_init_array
                0x0000000008000cf0       0x48 f:/st/stm32cubeide_1.4.0/stm32cubeide/plugins/com.st.stm32cube.ide.mcu.externaltools.gnu-tools-for-stm32.7-2018-q2-update.win32_1.4.0.202007081208/tools/bin/../lib/gcc/arm-none-eabi/7.3.1/../../../../arm-none-eabi/lib/thumb/v7-m\libc_nano.a(lib_a-init.o)
                0x0000000008000cf0                __libc_init_array
 .text.__itoa   0x0000000008000d38       0x30 f:/st/stm32cubeide_1.4.0/stm32cubeide/plugins/com.st.stm32cube.ide.mcu.externaltools.gnu-tools-for-stm32.7-2018-q2-update.win32_1.4.0.202007081208/tools/bin/../lib/gcc/arm-none-eabi/7.3.1/../../../../arm-none-eabi/lib/thumb/v7-m\libc_nano.a(lib_a-itoa.o)
                0x0000000008000d38                __itoa
 .text.itoa     0x0000000008000d68        0x4 f:/st/stm32cubeide_1.4.0/stm32cubeide/plugins/com.st.stm32cube.ide.mcu.externaltools.gnu-tools-for-stm32.7-2018-q2-update.win32_1.4.0.202007081208/tools/bin/../lib/gcc/arm-none-eabi/7.3.1/../../../../arm-none-eabi/lib/thumb/v7-m\libc_nano.a(lib_a-itoa.o)
                0x0000000008000d68                itoa
 .text._strtol_l.isra.0
                0x0000000008000d6c       0xf6 f:/st/stm32cubeide_1.4.0/stm32cubeide/plugins/com.st.stm32cube.ide.mcu.externaltools.gnu-tools-for-stm32.7-2018-q2-update.win32_1.4.0.202007081208/tools/bin/../lib/gcc/arm-none-eabi/7.3.1/../../../../arm-none-eabi/lib/thumb/v7-m\libc_nano.a(lib_a-strtol.o)
 *fill*         0x0000000008000e62        0x2 
 .text.strtol   0x0000000008000e64       0x2c f:/st/stm32cubeide_1.4.0/stm32cubeide/plugins/com.st.stm32cube.ide.mcu.externaltools.gnu-tools-for-stm32.7-2018-q2-update.win32_1.4.0.202007081208/tools/bin/../lib/gcc/arm-none-eabi/7.3.1/../../../../arm-none-eabi/lib/thumb/v7-m\libc_nano.a(lib_a-strtol.o)
                0x0000000008000e64                strtol
 .text.__utoa   0x0000000008000e90       0x7c f:/st/stm32cubeide_1.4.0/stm32cubeide/plugins/com.st.stm32cube.ide.mcu.externaltools.gnu-tools-for-stm32.7-2018-q2-update.win32_1.4.0.202007081208/tools/bin/../lib/gcc/arm-none-eabi/7.3.1/../../../../arm-none-eabi/lib/thumb/v7-m\libc_nano.a(lib_a-utoa.o)
                0x0000000008000e90                __utoa
 .text.__locale_ctype_ptr_l
                0x0000000008000f0c        0x6 f:/st/stm32cubeide_1.4.0/stm32cubeide/plugins/com.st.stm32cube.ide.mcu.externaltools.gnu-tools-for-stm32.7-2018-q2-update.win32_1.4.0.202007081208/tools/bin/../lib/gcc/arm-none-eabi/7.3.1/../../../../arm-none-eabi/lib/thumb/v7-m\libc_nano.a(lib_a-locale.o)
                0x0000000008000f0c                __locale_ctype_ptr_l
 .text.__ascii_mbtowc
                0x0000000008000f12       0x24 f:/st/stm32cubeide_1.4.0/stm32cubeide/plugins/com.st.stm32cube.ide.mcu.externaltools.gnu-tools-for-stm32.7-2018-q2-update.win32_1.4.0.202007081208/tools/bin/../lib/gcc/arm-none-eabi/7.3.1/../../../../arm-none-eabi/lib/thumb/v7-m\libc_nano.a(lib_a-mbtowc_r.o)
                0x0000000008000f12                __ascii_mbtowc
 .text.__ascii_wctomb
                0x0000000008000f36       0x1a f:/st/stm32cubeide_1.4.0/stm32cubeide/plugins/com.st.stm32cube.ide.mcu.externaltools.gnu-tools-for-stm32.7-2018-q2-update.win32_1.4.0.202007081208/tools/bin/../lib/gcc/arm-none-eabi/7.3.1/../../../../arm-none-eabi/lib/thumb/v7-m\libc_nano.a(lib_a-wctomb_r.o)
                0x0000000008000f36                __ascii_wctomb
 *(.glue_7)
 .glue_7        0x0000000008000f50        0x0 linker stubs
 *(.glue_7t)
 .glue_7t       0x0000000008000f50        0x0 linker stubs
 *(.eh_frame)
 .eh_frame      0x0000000008000f50        0x0 f:/st/stm32cubeide_1.4.0/stm32cubeide/plugins/com.st.stm32cube.ide.mcu.externaltools.gnu-tools-for-stm32.7-2018-q2-update.win32_1.4.0.202007081208/tools/bin/../lib/gcc/arm-none-eabi/7.3.1/thumb/v7-m/crtbegin.o
 *(.init)
 .init          0x0000000008000f50        0x4 f:/st/stm32cubeide_1.4.0/stm32cubeide/plugins/com.st.stm32cube.ide.mcu.externaltools.gnu-tools-for-stm32.7-2018-q2-update.win32_1.4.0.202007081208/tools/bin/../lib/gcc/arm-none-eabi/7.3.1/thumb/v7-m/crti.o
                0x0000000008000f50                _init
 .init          0x0000000008000f54        0x8 f:/st/stm32cubeide_1.4.0/stm32cubeide/plugins/com.st.stm32cube.ide.mcu.externaltools.gnu-tools-for-stm32.7-2018-q2-update.win32_1.4.0.202007081208/tools/bin/../lib/gcc/arm-none-eabi/7.3.1/thumb/v7-m/crtn.o
 *(.fini)
 .fini          0x0000000008000f5c        0x4 f:/st/stm32cubeide_1.4.0/stm32cubeide/plugins/com.st.stm32cube.ide.mcu.externaltools.gnu-tools-for-stm32.7-2018-q2-update.win32_1.4.0.202007081208/tools/bin/../lib/gcc/arm-none-eabi/7.3.1/thumb/v7-m/crti.o
                0x0000000008000f5c                _fini
 .fini          0x0000000008000f60        0x8 f:/st/stm32cubeide_1.4.0/stm32cubeide/plugins/com.st.stm32cube.ide.mcu.externaltools.gnu-tools-for-stm32.7-2018-q2-update.win32_1.4.0.202007081208/tools/bin/../lib/gcc/arm-none-eabi/7.3.1/thumb/v7-m/crtn.o
                0x0000000008000f68                . = ALIGN (0x4)
                0x0000000008000f68                _etext = .

.vfp11_veneer   0x0000000008000f68        0x0
 .vfp11_veneer  0x0000000008000f68        0x0 linker stubs

.v4_bx          0x0000000008000f68        0x0
 .v4_bx         0x0000000008000f68        0x0 linker stubs

.iplt           0x0000000008000f68        0x0
 .iplt          0x0000000008000f68        0x0 f:/st/stm32cubeide_1.4.0/stm32cubeide/plugins/com.st.stm32cube.ide.mcu.externaltools.gnu-tools-for-stm32.7-2018-q2-update.win32_1.4.0.202007081208/tools/bin/../lib/gcc/arm-none-eabi/7.3.1/thumb/v7-m/crtbegin.o

.rodata         0x0000000008000f68      0x140
                0x0000000008000f68                . = ALIGN (0x4)
 *(.rodata)
 .rodata        0x0000000008000f68       0x10 Src/main.o
 *(.rodata*)
 .rodata.__utoa.str1.1
                0x0000000008000f78       0x25 f:/st/stm32cubeide_1.4.0/stm32cubeide/plugins/com.st.stm32cube.ide.mcu.externaltools.gnu-tools-for-stm32.7-2018-q2-update.win32_1.4.0.202007081208/tools/bin/../lib/gcc/arm-none-eabi/7.3.1/../../../../arm-none-eabi/lib/thumb/v7-m\libc_nano.a(lib_a-utoa.o)
 .rodata._setlocale_r.str1.1
                0x0000000008000f9d        0x8 f:/st/stm32cubeide_1.4.0/stm32cubeide/plugins/com.st.stm32cube.ide.mcu.externaltools.gnu-tools-for-stm32.7-2018-q2-update.win32_1.4.0.202007081208/tools/bin/../lib/gcc/arm-none-eabi/7.3.1/../../../../arm-none-eabi/lib/thumb/v7-m\libc_nano.a(lib_a-locale.o)
                                          0x9 (size before relaxing)
 .rodata.str1.1
                0x0000000008000fa5        0x2 f:/st/stm32cubeide_1.4.0/stm32cubeide/plugins/com.st.stm32cube.ide.mcu.externaltools.gnu-tools-for-stm32.7-2018-q2-update.win32_1.4.0.202007081208/tools/bin/../lib/gcc/arm-none-eabi/7.3.1/../../../../arm-none-eabi/lib/thumb/v7-m\libc_nano.a(lib_a-locale.o)
 .rodata._ctype_
                0x0000000008000fa7      0x101 f:/st/stm32cubeide_1.4.0/stm32cubeide/plugins/com.st.stm32cube.ide.mcu.externaltools.gnu-tools-for-stm32.7-2018-q2-update.win32_1.4.0.202007081208/tools/bin/../lib/gcc/arm-none-eabi/7.3.1/../../../../arm-none-eabi/lib/thumb/v7-m\libc_nano.a(lib_a-ctype_.o)
                0x0000000008000fa7                _ctype_
                0x00000000080010a8                . = ALIGN (0x4)

.rel.dyn        0x00000000080010a8        0x0
 .rel.iplt      0x00000000080010a8        0x0 f:/st/stm32cubeide_1.4.0/stm32cubeide/plugins/com.st.stm32cube.ide.mcu.externaltools.gnu-tools-for-stm32.7-2018-q2-update.win32_1.4.0.202007081208/tools/bin/../lib/gcc/arm-none-eabi/7.3.1/thumb/v7-m/crtbegin.o

.ARM.extab      0x00000000080010a8        0x0
                0x00000000080010a8                . = ALIGN (0x4)
 *(.ARM.extab* .gnu.linkonce.armextab.*)
                0x00000000080010a8                . = ALIGN (0x4)

.ARM            0x00000000080010a8        0x0
                0x00000000080010a8                . = ALIGN (0x4)
                0x00000000080010a8                __exidx_start = .
 *(.ARM.exidx*)
                0x00000000080010a8                __exidx_end = .
                0x00000000080010a8                . = ALIGN (0x4)

.preinit_array  0x00000000080010a8        0x0
                0x00000000080010a8                . = ALIGN (0x4)
                0x00000000080010a8                PROVIDE (__preinit_array_start = .)
 *(.preinit_array*)
                0x00000000080010a8                PROVIDE (__preinit_array_end = .)
                0x00000000080010a8                . = ALIGN (0x4)

.init_array     0x00000000080010a8        0x4
                0x00000000080010a8                . = ALIGN (0x4)
                0x00000000080010a8                PROVIDE (__init_array_start = .)
 *(SORT_BY_NAME(.init_array.*))
 *(.init_array*)
 .init_array    0x00000000080010a8        0x4 f:/st/stm32cubeide_1.4.0/stm32cubeide/plugins/com.st.stm32cube.ide.mcu.externaltools.gnu-tools-for-stm32.7-2018-q2-update.win32_1.4.0.202007081208/tools/bin/../lib/gcc/arm-none-eabi/7.3.1/thumb/v7-m/crtbegin.o
                0x00000000080010ac                PROVIDE (__init_array_end = .)
                0x00000000080010ac                . = ALIGN (0x4)

.fini_array     0x00000000080010ac        0x4
                0x00000000080010ac                . = ALIGN (0x4)
                [!provide]                        PROVIDE (__fini_array_start = .)
 *(SORT_BY_NAME(.fini_array.*))
 *(.fini_array*)
 .fini_array    0x00000000080010ac        0x4 f:/st/stm32cubeide_1.4.0/stm32cubeide/plugins/com.st.stm32cube.ide.mcu.externaltools.gnu-tools-for-stm32.7-2018-q2-update.win32_1.4.0.202007081208/tools/bin/../lib/gcc/arm-none-eabi/7.3.1/thumb/v7-m/crtbegin.o
                [!provide]                        PROVIDE (__fini_array_end = .)
                0x00000000080010b0                . = ALIGN (0x4)
                0x00000000080010b0                _sidata = LOADADDR (.data)

.data           0x0000000020000000      0x1fc load address 0x00000000080010b0
                0x0000000020000000                . = ALIGN (0x4)
                0x0000000020000000                _sdata = .
 *(.data)
 *(.data*)
 .data.seven_segment
                0x0000000020000000        0xa Src/main.o
 *fill*         0x000000002000000a        0x2 
 .data.Key_padRow
                0x000000002000000c       0x10 Stm32_F103C6_Drivers/KeyPad_Driver/KeyPad.o
                0x000000002000000c                Key_padRow
 .data.Key_padCol
                0x000000002000001c       0x10 Stm32_F103C6_Drivers/KeyPad_Driver/KeyPad.o
                0x000000002000001c                Key_padCol
 .data._impure_ptr
                0x000000002000002c        0x4 f:/st/stm32cubeide_1.4.0/stm32cubeide/plugins/com.st.stm32cube.ide.mcu.externaltools.gnu-tools-for-stm32.7-2018-q2-update.win32_1.4.0.202007081208/tools/bin/../lib/gcc/arm-none-eabi/7.3.1/../../../../arm-none-eabi/lib/thumb/v7-m\libc_nano.a(lib_a-impure.o)
                0x000000002000002c                _impure_ptr
 .data.impure_data
                0x0000000020000030       0x60 f:/st/stm32cubeide_1.4.0/stm32cubeide/plugins/com.st.stm32cube.ide.mcu.externaltools.gnu-tools-for-stm32.7-2018-q2-update.win32_1.4.0.202007081208/tools/bin/../lib/gcc/arm-none-eabi/7.3.1/../../../../arm-none-eabi/lib/thumb/v7-m\libc_nano.a(lib_a-impure.o)
 .data.__global_locale
                0x0000000020000090      0x16c f:/st/stm32cubeide_1.4.0/stm32cubeide/plugins/com.st.stm32cube.ide.mcu.externaltools.gnu-tools-for-stm32.7-2018-q2-update.win32_1.4.0.202007081208/tools/bin/../lib/gcc/arm-none-eabi/7.3.1/../../../../arm-none-eabi/lib/thumb/v7-m\libc_nano.a(lib_a-locale.o)
                0x0000000020000090                __global_locale
                0x00000000200001fc                . = ALIGN (0x4)
                0x00000000200001fc                _edata = .

.igot.plt       0x00000000200001fc        0x0 load address 0x00000000080012ac
 .igot.plt      0x00000000200001fc        0x0 f:/st/stm32cubeide_1.4.0/stm32cubeide/plugins/com.st.stm32cube.ide.mcu.externaltools.gnu-tools-for-stm32.7-2018-q2-update.win32_1.4.0.202007081208/tools/bin/../lib/gcc/arm-none-eabi/7.3.1/thumb/v7-m/crtbegin.o
                0x00000000200001fc                . = ALIGN (0x4)

.bss            0x00000000200001fc       0x24 load address 0x00000000080012ac
                0x00000000200001fc                _sbss = .
                0x00000000200001fc                __bss_start__ = _sbss
 *(.bss)
 .bss           0x00000000200001fc       0x1c f:/st/stm32cubeide_1.4.0/stm32cubeide/plugins/com.st.stm32cube.ide.mcu.externaltools.gnu-tools-for-stm32.7-2018-q2-update.win32_1.4.0.202007081208/tools/bin/../lib/gcc/arm-none-eabi/7.3.1/thumb/v7-m/crtbegin.o
 *(.bss*)
 .bss.curser    0x0000000020000218        0x4 Stm32_F103C6_Drivers/LCD_Driver/LCD.o
                0x0000000020000218                curser
 *(COMMON)
 COMMON         0x000000002000021c        0x4 Stm32_F103C6_Drivers/LCD_Driver/LCD.o
                0x000000002000021c                config
                0x0000000020000220                . = ALIGN (0x4)
                0x0000000020000220                _ebss = .
                0x0000000020000220                __bss_end__ = _ebss

._user_heap_stack
                0x0000000020000220      0x600 load address 0x00000000080012ac
                0x0000000020000220                . = ALIGN (0x8)
                [!provide]                        PROVIDE (end = .)
                0x0000000020000220                PROVIDE (_end = .)
                0x0000000020000420                . = (. + _Min_Heap_Size)
 *fill*         0x0000000020000220      0x200 
                0x0000000020000820                . = (. + _Min_Stack_Size)
 *fill*         0x0000000020000420      0x400 
                0x0000000020000820                . = ALIGN (0x8)

/DISCARD/
 libc.a(*)
 libm.a(*)
 libgcc.a(*)

.ARM.attributes
                0x0000000000000000       0x29
 *(.ARM.attributes)
 .ARM.attributes
                0x0000000000000000       0x1d f:/st/stm32cubeide_1.4.0/stm32cubeide/plugins/com.st.stm32cube.ide.mcu.externaltools.gnu-tools-for-stm32.7-2018-q2-update.win32_1.4.0.202007081208/tools/bin/../lib/gcc/arm-none-eabi/7.3.1/thumb/v7-m/crti.o
 .ARM.attributes
                0x000000000000001d       0x2d f:/st/stm32cubeide_1.4.0/stm32cubeide/plugins/com.st.stm32cube.ide.mcu.externaltools.gnu-tools-for-stm32.7-2018-q2-update.win32_1.4.0.202007081208/tools/bin/../lib/gcc/arm-none-eabi/7.3.1/thumb/v7-m/crtbegin.o
 .ARM.attributes
                0x000000000000004a       0x33 Src/main.o
 .ARM.attributes
                0x000000000000007d       0x21 Startup/startup_stm32f103c6tx.o
 .ARM.attributes
                0x000000000000009e       0x33 Stm32_F103C6_Drivers/GPIO_Driver/Stm32F_103C6_Gpio_Driver.o
 .ARM.attributes
                0x00000000000000d1       0x33 Stm32_F103C6_Drivers/KeyPad_Driver/KeyPad.o
 .ARM.attributes
                0x0000000000000104       0x33 Stm32_F103C6_Drivers/LCD_Driver/LCD.o
 .ARM.attributes
                0x0000000000000137       0x2d f:/st/stm32cubeide_1.4.0/stm32cubeide/plugins/com.st.stm32cube.ide.mcu.externaltools.gnu-tools-for-stm32.7-2018-q2-update.win32_1.4.0.202007081208/tools/bin/../lib/gcc/arm-none-eabi/7.3.1/../../../../arm-none-eabi/lib/thumb/v7-m\libc_nano.a(lib_a-atoi.o)
 .ARM.attributes
                0x0000000000000164       0x2d f:/st/stm32cubeide_1.4.0/stm32cubeide/plugins/com.st.stm32cube.ide.mcu.externaltools.gnu-tools-for-stm32.7-2018-q2-update.win32_1.4.0.202007081208/tools/bin/../lib/gcc/arm-none-eabi/7.3.1/../../../../arm-none-eabi/lib/thumb/v7-m\libc_nano.a(lib_a-impure.o)
 .ARM.attributes
                0x0000000000000191       0x2d f:/st/stm32cubeide_1.4.0/stm32cubeide/plugins/com.st.stm32cube.ide.mcu.externaltools.gnu-tools-for-stm32.7-2018-q2-update.win32_1.4.0.202007081208/tools/bin/../lib/gcc/arm-none-eabi/7.3.1/../../../../arm-none-eabi/lib/thumb/v7-m\libc_nano.a(lib_a-init.o)
 .ARM.attributes
                0x00000000000001be       0x2d f:/st/stm32cubeide_1.4.0/stm32cubeide/plugins/com.st.stm32cube.ide.mcu.externaltools.gnu-tools-for-stm32.7-2018-q2-update.win32_1.4.0.202007081208/tools/bin/../lib/gcc/arm-none-eabi/7.3.1/../../../../arm-none-eabi/lib/thumb/v7-m\libc_nano.a(lib_a-itoa.o)
 .ARM.attributes
                0x00000000000001eb       0x2d f:/st/stm32cubeide_1.4.0/stm32cubeide/plugins/com.st.stm32cube.ide.mcu.externaltools.gnu-tools-for-stm32.7-2018-q2-update.win32_1.4.0.202007081208/tools/bin/../lib/gcc/arm-none-eabi/7.3.1/../../../../arm-none-eabi/lib/thumb/v7-m\libc_nano.a(lib_a-strtol.o)
 .ARM.attributes
                0x0000000000000218       0x2d f:/st/stm32cubeide_1.4.0/stm32cubeide/plugins/com.st.stm32cube.ide.mcu.externaltools.gnu-tools-for-stm32.7-2018-q2-update.win32_1.4.0.202007081208/tools/bin/../lib/gcc/arm-none-eabi/7.3.1/../../../../arm-none-eabi/lib/thumb/v7-m\libc_nano.a(lib_a-utoa.o)
 .ARM.attributes
                0x0000000000000245       0x2d f:/st/stm32cubeide_1.4.0/stm32cubeide/plugins/com.st.stm32cube.ide.mcu.externaltools.gnu-tools-for-stm32.7-2018-q2-update.win32_1.4.0.202007081208/tools/bin/../lib/gcc/arm-none-eabi/7.3.1/../../../../arm-none-eabi/lib/thumb/v7-m\libc_nano.a(lib_a-locale.o)
 .ARM.attributes
                0x0000000000000272       0x2d f:/st/stm32cubeide_1.4.0/stm32cubeide/plugins/com.st.stm32cube.ide.mcu.externaltools.gnu-tools-for-stm32.7-2018-q2-update.win32_1.4.0.202007081208/tools/bin/../lib/gcc/arm-none-eabi/7.3.1/../../../../arm-none-eabi/lib/thumb/v7-m\libc_nano.a(lib_a-mbtowc_r.o)
 .ARM.attributes
                0x000000000000029f       0x2d f:/st/stm32cubeide_1.4.0/stm32cubeide/plugins/com.st.stm32cube.ide.mcu.externaltools.gnu-tools-for-stm32.7-2018-q2-update.win32_1.4.0.202007081208/tools/bin/../lib/gcc/arm-none-eabi/7.3.1/../../../../arm-none-eabi/lib/thumb/v7-m\libc_nano.a(lib_a-wctomb_r.o)
 .ARM.attributes
                0x00000000000002cc       0x2d f:/st/stm32cubeide_1.4.0/stm32cubeide/plugins/com.st.stm32cube.ide.mcu.externaltools.gnu-tools-for-stm32.7-2018-q2-update.win32_1.4.0.202007081208/tools/bin/../lib/gcc/arm-none-eabi/7.3.1/../../../../arm-none-eabi/lib/thumb/v7-m\libc_nano.a(lib_a-ctype_.o)
 .ARM.attributes
                0x00000000000002f9       0x1d f:/st/stm32cubeide_1.4.0/stm32cubeide/plugins/com.st.stm32cube.ide.mcu.externaltools.gnu-tools-for-stm32.7-2018-q2-update.win32_1.4.0.202007081208/tools/bin/../lib/gcc/arm-none-eabi/7.3.1/thumb/v7-m/crtn.o
OUTPUT(Drivers.elf elf32-littlearm)

.debug_info     0x0000000000000000     0x31dd
 .debug_info    0x0000000000000000      0xc6d Src/main.o
 .debug_info    0x0000000000000c6d       0x22 Startup/startup_stm32f103c6tx.o
 .debug_info    0x0000000000000c8f      0xd64 Stm32_F103C6_Drivers/GPIO_Driver/Stm32F_103C6_Gpio_Driver.o
 .debug_info    0x00000000000019f3      0xb11 Stm32_F103C6_Drivers/KeyPad_Driver/KeyPad.o
 .debug_info    0x0000000000002504      0xcd9 Stm32_F103C6_Drivers/LCD_Driver/LCD.o

.debug_abbrev   0x0000000000000000      0x833
 .debug_abbrev  0x0000000000000000      0x1f0 Src/main.o
 .debug_abbrev  0x00000000000001f0       0x12 Startup/startup_stm32f103c6tx.o
 .debug_abbrev  0x0000000000000202      0x241 Stm32_F103C6_Drivers/GPIO_Driver/Stm32F_103C6_Gpio_Driver.o
 .debug_abbrev  0x0000000000000443      0x1b5 Stm32_F103C6_Drivers/KeyPad_Driver/KeyPad.o
 .debug_abbrev  0x00000000000005f8      0x23b Stm32_F103C6_Drivers/LCD_Driver/LCD.o

.debug_loc      0x0000000000000000      0x861
 .debug_loc     0x0000000000000000      0x178 Src/main.o
 .debug_loc     0x0000000000000178      0x330 Stm32_F103C6_Drivers/GPIO_Driver/Stm32F_103C6_Gpio_Driver.o
 .debug_loc     0x00000000000004a8       0xa0 Stm32_F103C6_Drivers/KeyPad_Driver/KeyPad.o
 .debug_loc     0x0000000000000548      0x319 Stm32_F103C6_Drivers/LCD_Driver/LCD.o

.debug_aranges  0x0000000000000000      0x168
 .debug_aranges
                0x0000000000000000       0x40 Src/main.o
 .debug_aranges
                0x0000000000000040       0x28 Startup/startup_stm32f103c6tx.o
 .debug_aranges
                0x0000000000000068       0x60 Stm32_F103C6_Drivers/GPIO_Driver/Stm32F_103C6_Gpio_Driver.o
 .debug_aranges
                0x00000000000000c8       0x28 Stm32_F103C6_Drivers/KeyPad_Driver/KeyPad.o
 .debug_aranges
                0x00000000000000f0       0x78 Stm32_F103C6_Drivers/LCD_Driver/LCD.o

.debug_ranges   0x0000000000000000      0x120
 .debug_ranges  0x0000000000000000       0x30 Src/main.o
 .debug_ranges  0x0000000000000030       0x20 Startup/startup_stm32f103c6tx.o
 .debug_ranges  0x0000000000000050       0x50 Stm32_F103C6_Drivers/GPIO_Driver/Stm32F_103C6_Gpio_Driver.o
 .debug_ranges  0x00000000000000a0       0x18 Stm32_F103C6_Drivers/KeyPad_Driver/KeyPad.o
 .debug_ranges  0x00000000000000b8       0x68 Stm32_F103C6_Drivers/LCD_Driver/LCD.o

.debug_macro    0x0000000000000000     0x2096
 .debug_macro   0x0000000000000000      0x155 Src/main.o
 .debug_macro   0x0000000000000155      0xa60 Src/main.o
 .debug_macro   0x0000000000000bb5       0x18 Src/main.o
 .debug_macro   0x0000000000000bcd       0x22 Src/main.o
 .debug_macro   0x0000000000000bef       0x40 Src/main.o
 .debug_macro   0x0000000000000c2f       0x94 Src/main.o
 .debug_macro   0x0000000000000cc3       0x3c Src/main.o
 .debug_macro   0x0000000000000cff       0x34 Src/main.o
 .debug_macro   0x0000000000000d33       0x16 Src/main.o
 .debug_macro   0x0000000000000d49      0x10e Src/main.o
 .debug_macro   0x0000000000000e57       0x8d Src/main.o
 .debug_macro   0x0000000000000ee4       0x57 Src/main.o
 .debug_macro   0x0000000000000f3b       0x52 Src/main.o
 .debug_macro   0x0000000000000f8d       0x1f Src/main.o
 .debug_macro   0x0000000000000fac       0x43 Src/main.o
 .debug_macro   0x0000000000000fef       0x20 Src/main.o
 .debug_macro   0x000000000000100f      0x1a3 Src/main.o
 .debug_macro   0x00000000000011b2      0x330 Src/main.o
 .debug_macro   0x00000000000014e2       0x16 Src/main.o
 .debug_macro   0x00000000000014f8       0x29 Src/main.o
 .debug_macro   0x0000000000001521       0xef Src/main.o
 .debug_macro   0x0000000000001610       0x6a Src/main.o
 .debug_macro   0x000000000000167a      0x1df Src/main.o
 .debug_macro   0x0000000000001859       0xad Src/main.o
 .debug_macro   0x0000000000001906       0xca Src/main.o
 .debug_macro   0x00000000000019d0       0xa0 Src/main.o
 .debug_macro   0x0000000000001a70       0x40 Src/main.o
 .debug_macro   0x0000000000001ab0      0x13f Stm32_F103C6_Drivers/GPIO_Driver/Stm32F_103C6_Gpio_Driver.o
 .debug_macro   0x0000000000001bef      0x152 Stm32_F103C6_Drivers/KeyPad_Driver/KeyPad.o
 .debug_macro   0x0000000000001d41       0x3a Stm32_F103C6_Drivers/KeyPad_Driver/KeyPad.o
 .debug_macro   0x0000000000001d7b      0x24b Stm32_F103C6_Drivers/LCD_Driver/LCD.o
 .debug_macro   0x0000000000001fc6       0x9a Stm32_F103C6_Drivers/LCD_Driver/LCD.o
 .debug_macro   0x0000000000002060       0x16 Stm32_F103C6_Drivers/LCD_Driver/LCD.o
 .debug_macro   0x0000000000002076       0x20 Stm32_F103C6_Drivers/LCD_Driver/LCD.o

.debug_line     0x0000000000000000     0x1dea
 .debug_line    0x0000000000000000      0x753 Src/main.o
 .debug_line    0x0000000000000753       0x84 Startup/startup_stm32f103c6tx.o
 .debug_line    0x00000000000007d7      0x677 Stm32_F103C6_Drivers/GPIO_Driver/Stm32F_103C6_Gpio_Driver.o
 .debug_line    0x0000000000000e4e      0x6f2 Stm32_F103C6_Drivers/KeyPad_Driver/KeyPad.o
 .debug_line    0x0000000000001540      0x8aa Stm32_F103C6_Drivers/LCD_Driver/LCD.o

.debug_str      0x0000000000000000     0x8dbf
 .debug_str     0x0000000000000000     0x78b6 Src/main.o
                                       0x7b1e (size before relaxing)
 .debug_str     0x00000000000078b6       0x31 Startup/startup_stm32f103c6tx.o
                                         0x62 (size before relaxing)
 .debug_str     0x00000000000078e7      0x10c Stm32_F103C6_Drivers/GPIO_Driver/Stm32F_103C6_Gpio_Driver.o
                                       0x78c5 (size before relaxing)
 .debug_str     0x00000000000079f3       0x5f Stm32_F103C6_Drivers/KeyPad_Driver/KeyPad.o
                                       0x7841 (size before relaxing)
 .debug_str     0x0000000000007a52     0x136d Stm32_F103C6_Drivers/LCD_Driver/LCD.o
                                       0x8d38 (size before relaxing)

.comment        0x0000000000000000       0x7b
 .comment       0x0000000000000000       0x7b Src/main.o
                                         0x7c (size before relaxing)
 .comment       0x000000000000007b       0x7c Stm32_F103C6_Drivers/GPIO_Driver/Stm32F_103C6_Gpio_Driver.o
 .comment       0x000000000000007b       0x7c Stm32_F103C6_Drivers/KeyPad_Driver/KeyPad.o
 .comment       0x000000000000007b       0x7c Stm32_F103C6_Drivers/LCD_Driver/LCD.o

.debug_frame    0x0000000000000000      0x67c
 .debug_frame   0x0000000000000000       0xc0 Src/main.o
 .debug_frame   0x00000000000000c0      0x178 Stm32_F103C6_Drivers/GPIO_Driver/Stm32F_103C6_Gpio_Driver.o
 .debug_frame   0x0000000000000238       0x58 Stm32_F103C6_Drivers/KeyPad_Driver/KeyPad.o
 .debug_frame   0x0000000000000290      0x1a0 Stm32_F103C6_Drivers/LCD_Driver/LCD.o
 .debug_frame   0x0000000000000430       0x30 f:/st/stm32cubeide_1.4.0/stm32cubeide/plugins/com.st.stm32cube.ide.mcu.externaltools.gnu-tools-for-stm32.7-2018-q2-update.win32_1.4.0.202007081208/tools/bin/../lib/gcc/arm-none-eabi/7.3.1/../../../../arm-none-eabi/lib/thumb/v7-m\libc_nano.a(lib_a-atoi.o)
 .debug_frame   0x0000000000000460       0x2c f:/st/stm32cubeide_1.4.0/stm32cubeide/plugins/com.st.stm32cube.ide.mcu.externaltools.gnu-tools-for-stm32.7-2018-q2-update.win32_1.4.0.202007081208/tools/bin/../lib/gcc/arm-none-eabi/7.3.1/../../../../arm-none-eabi/lib/thumb/v7-m\libc_nano.a(lib_a-init.o)
 .debug_frame   0x000000000000048c       0x38 f:/st/stm32cubeide_1.4.0/stm32cubeide/plugins/com.st.stm32cube.ide.mcu.externaltools.gnu-tools-for-stm32.7-2018-q2-update.win32_1.4.0.202007081208/tools/bin/../lib/gcc/arm-none-eabi/7.3.1/../../../../arm-none-eabi/lib/thumb/v7-m\libc_nano.a(lib_a-itoa.o)
 .debug_frame   0x00000000000004c4       0x84 f:/st/stm32cubeide_1.4.0/stm32cubeide/plugins/com.st.stm32cube.ide.mcu.externaltools.gnu-tools-for-stm32.7-2018-q2-update.win32_1.4.0.202007081208/tools/bin/../lib/gcc/arm-none-eabi/7.3.1/../../../../arm-none-eabi/lib/thumb/v7-m\libc_nano.a(lib_a-strtol.o)
 .debug_frame   0x0000000000000548       0x48 f:/st/stm32cubeide_1.4.0/stm32cubeide/plugins/com.st.stm32cube.ide.mcu.externaltools.gnu-tools-for-stm32.7-2018-q2-update.win32_1.4.0.202007081208/tools/bin/../lib/gcc/arm-none-eabi/7.3.1/../../../../arm-none-eabi/lib/thumb/v7-m\libc_nano.a(lib_a-utoa.o)
 .debug_frame   0x0000000000000590       0x68 f:/st/stm32cubeide_1.4.0/stm32cubeide/plugins/com.st.stm32cube.ide.mcu.externaltools.gnu-tools-for-stm32.7-2018-q2-update.win32_1.4.0.202007081208/tools/bin/../lib/gcc/arm-none-eabi/7.3.1/../../../../arm-none-eabi/lib/thumb/v7-m\libc_nano.a(lib_a-locale.o)
 .debug_frame   0x00000000000005f8       0x48 f:/st/stm32cubeide_1.4.0/stm32cubeide/plugins/com.st.stm32cube.ide.mcu.externaltools.gnu-tools-for-stm32.7-2018-q2-update.win32_1.4.0.202007081208/tools/bin/../lib/gcc/arm-none-eabi/7.3.1/../../../../arm-none-eabi/lib/thumb/v7-m\libc_nano.a(lib_a-mbtowc_r.o)
 .debug_frame   0x0000000000000640       0x3c f:/st/stm32cubeide_1.4.0/stm32cubeide/plugins/com.st.stm32cube.ide.mcu.externaltools.gnu-tools-for-stm32.7-2018-q2-update.win32_1.4.0.202007081208/tools/bin/../lib/gcc/arm-none-eabi/7.3.1/../../../../arm-none-eabi/lib/thumb/v7-m\libc_nano.a(lib_a-wctomb_r.o)
