
Memory Configuration

Name             Origin             Length             Attributes
flash            0x08000000         0x00020000         xr
sram             0x20000000         0x00005000         xrw
*default*        0x00000000         0xffffffff

Linker script and memory map


.text           0x08000000       0xd4
 *(.vectors*)
 .vectors       0x08000000       0x50 startup.o
 *(.text*)
 .text          0x08000050       0x7c led_init.o
                0x08000050                main
 .text          0x080000cc        0x8 startup.o

.data           0x080000d4        0x4
 .data          0x080000d4        0x4 led_init.o
                0x080000d4                R_ODR
 .data          0x080000d8        0x0 startup.o

.igot.plt       0x080000d8        0x0
 .igot.plt      0x080000d8        0x0 led_init.o

.glue_7         0x080000d8        0x0
 .glue_7        0x080000d8        0x0 linker stubs

.glue_7t        0x080000d8        0x0
 .glue_7t       0x080000d8        0x0 linker stubs

.vfp11_veneer   0x080000d8        0x0
 .vfp11_veneer  0x080000d8        0x0 linker stubs

.v4_bx          0x080000d8        0x0
 .v4_bx         0x080000d8        0x0 linker stubs

.iplt           0x080000d8        0x0
 .iplt          0x080000d8        0x0 led_init.o

.rel.dyn        0x080000d8        0x0
 .rel.iplt      0x080000d8        0x0 led_init.o

.bss            0x20000000        0x0
 *(.bss*)
 .bss           0x20000000        0x0 led_init.o
 .bss           0x20000000        0x0 startup.o
LOAD led_init.o
LOAD startup.o
OUTPUT(led_init.elf elf32-littlearm)

.debug_info     0x00000000      0x171
 .debug_info    0x00000000      0x14b led_init.o
 .debug_info    0x0000014b       0x26 startup.o

.debug_abbrev   0x00000000       0xf2
 .debug_abbrev  0x00000000       0xde led_init.o
 .debug_abbrev  0x000000de       0x14 startup.o

.debug_loc      0x00000000       0x38
 .debug_loc     0x00000000       0x38 led_init.o

.debug_aranges  0x00000000       0x40
 .debug_aranges
                0x00000000       0x20 led_init.o
 .debug_aranges
                0x00000020       0x20 startup.o

.debug_line     0x00000000       0xa9
 .debug_line    0x00000000       0x6e led_init.o
 .debug_line    0x0000006e       0x3b startup.o

.debug_str      0x00000000      0x12f
 .debug_str     0x00000000      0x116 led_init.o
                                0x158 (size before relaxing)
 .debug_str     0x00000116       0x19 startup.o
                                 0x33 (size before relaxing)

.comment        0x00000000       0x7e
 .comment       0x00000000       0x7e led_init.o
                                 0x7f (size before relaxing)

.ARM.attributes
                0x00000000       0x31
 .ARM.attributes
                0x00000000       0x33 led_init.o
 .ARM.attributes
                0x00000033       0x21 startup.o

.debug_frame    0x00000000       0x2c
 .debug_frame   0x00000000       0x2c led_init.o
