Stm32F_103C6_EXIT_Gpio_Driver.c:32:6:Enable	16	static
Stm32F_103C6_EXIT_Gpio_Driver.c:71:6:Disable	16	static
Stm32F_103C6_EXIT_Gpio_Driver.c:110:6:Update_Exit	24	static
Stm32F_103C6_EXIT_Gpio_Driver.c:180:6:EXTI0_IRQHandler	8	static
Stm32F_103C6_EXIT_Gpio_Driver.c:190:6:EXTI1_IRQHandler	8	static
Stm32F_103C6_EXIT_Gpio_Driver.c:198:6:EXTI2_IRQHandler	8	static
Stm32F_103C6_EXIT_Gpio_Driver.c:206:6:EXTI23_IRQHandler	8	static
Stm32F_103C6_EXIT_Gpio_Driver.c:214:6:EXTI4_IRQHandler	8	static
Stm32F_103C6_EXIT_Gpio_Driver.c:222:6:EXTI9_5_IRQHandler	8	static
Stm32F_103C6_EXIT_Gpio_Driver.c:233:6:EXTI15_10_IRQHandler	8	static
Stm32F_103C6_EXIT_Gpio_Driver.c:254:6:MCAL_EXIT_GPIO_Init	16	static
Stm32F_103C6_EXIT_Gpio_Driver.c:266:6:MCAL_EXIT_GPIO_DEInit	4	static
Stm32F_103C6_EXIT_Gpio_Driver.c:295:6:MCAL_EXIT_GPIO_Update	16	static
