
Memory Configuration

Name             Origin             Length             Attributes
flash            0x08000000         0x00020000         xr
sram             0x20000000         0x00005000         xrw
*default*        0x00000000         0xffffffff

Linker script and memory map


.text           0x08000000      0x128
 *(.vectors*)
 .vectors       0x08000000       0x1c startup.o
                0x08000000                vectors
 *(.text*)
 .text          0x0800001c       0x7c led_init.o
                0x0800001c                main
 .text          0x08000098       0x90 startup.o
                0x08000098                Bus_fault
                0x08000098                Usage_fault_Handler
                0x08000098                Default_Handler
                0x08000098                NM_fault_Handler
                0x08000098                H_fault_Handler
                0x08000098                NMI_Handler
                0x080000a4                reset_Handler
 *(.rodata)
                0x08000128                _E_text = .

.glue_7         0x08000128        0x0
 .glue_7        0x08000128        0x0 linker stubs

.glue_7t        0x08000128        0x0
 .glue_7t       0x08000128        0x0 linker stubs

.vfp11_veneer   0x08000128        0x0
 .vfp11_veneer  0x08000128        0x0 linker stubs

.v4_bx          0x08000128        0x0
 .v4_bx         0x08000128        0x0 linker stubs

.iplt           0x08000128        0x0
 .iplt          0x08000128        0x0 led_init.o

.rel.dyn        0x08000128        0x0
 .rel.iplt      0x08000128        0x0 led_init.o

.data           0x20000000        0x4 load address 0x08000128
                0x20000000                _S_data = .
 *(.data)
 .data          0x20000000        0x4 led_init.o
                0x20000000                R_ODR
 .data          0x20000004        0x0 startup.o
                0x20000004                _E_data = .

.igot.plt       0x20000004        0x0 load address 0x0800012c
 .igot.plt      0x20000004        0x0 led_init.o

.bss            0x20000004     0x1000 load address 0x0800012c
                0x20000004                _S_bss = .
 *(.bss*)
 .bss           0x20000004        0x0 led_init.o
 .bss           0x20000004        0x0 startup.o
                0x20000004                . = ALIGN (0x4)
                0x20000004                _E_bss = .
                0x20000004                . = ALIGN (0x4)
                0x20001004                . = (. + 0x1000)
 *fill*         0x20000004     0x1000 
                0x20001004                _stack_top = .
LOAD led_init.o
LOAD startup.o
OUTPUT(led_init.elf elf32-littlearm)

.debug_info     0x00000000      0x2db
 .debug_info    0x00000000      0x14b led_init.o
 .debug_info    0x0000014b      0x190 startup.o

.debug_abbrev   0x00000000      0x1b4
 .debug_abbrev  0x00000000       0xde led_init.o
 .debug_abbrev  0x000000de       0xd6 startup.o

.debug_loc      0x00000000       0xb4
 .debug_loc     0x00000000       0x38 led_init.o
 .debug_loc     0x00000038       0x7c startup.o

.debug_aranges  0x00000000       0x40
 .debug_aranges
                0x00000000       0x20 led_init.o
 .debug_aranges
                0x00000020       0x20 startup.o

.debug_line     0x00000000      0x1ac
 .debug_line    0x00000000       0x6e led_init.o
 .debug_line    0x0000006e      0x13e startup.o

.debug_str      0x00000000      0x1a9
 .debug_str     0x00000000      0x118 led_init.o
                                0x15a (size before relaxing)
 .debug_str     0x00000118       0x91 startup.o
                                0x1a5 (size before relaxing)

.comment        0x00000000       0x7e
 .comment       0x00000000       0x7e led_init.o
                                 0x7f (size before relaxing)
 .comment       0x0000007e       0x7f startup.o

.ARM.attributes
                0x00000000       0x33
 .ARM.attributes
                0x00000000       0x33 led_init.o
 .ARM.attributes
                0x00000033       0x33 startup.o

.debug_frame    0x00000000       0x7c
 .debug_frame   0x00000000       0x2c led_init.o
 .debug_frame   0x0000002c       0x50 startup.o
