Archive member included to satisfy reference by file (symbol)

f:/st/stm32cubeide_1.4.0/stm32cubeide/plugins/com.st.stm32cube.ide.mcu.externaltools.gnu-tools-for-stm32.7-2018-q2-update.win32_1.4.0.202007081208/tools/bin/../lib/gcc/arm-none-eabi/7.3.1/../../../../arm-none-eabi/lib/thumb/v7-m\libc_nano.a(lib_a-errno.o)
                              Src/syscalls.o (__errno)
f:/st/stm32cubeide_1.4.0/stm32cubeide/plugins/com.st.stm32cube.ide.mcu.externaltools.gnu-tools-for-stm32.7-2018-q2-update.win32_1.4.0.202007081208/tools/bin/../lib/gcc/arm-none-eabi/7.3.1/../../../../arm-none-eabi/lib/thumb/v7-m\libc_nano.a(lib_a-exit.o)
                              f:/st/stm32cubeide_1.4.0/stm32cubeide/plugins/com.st.stm32cube.ide.mcu.externaltools.gnu-tools-for-stm32.7-2018-q2-update.win32_1.4.0.202007081208/tools/bin/../lib/gcc/arm-none-eabi/7.3.1/../../../../arm-none-eabi/lib/thumb/v7-m/crt0.o (exit)
f:/st/stm32cubeide_1.4.0/stm32cubeide/plugins/com.st.stm32cube.ide.mcu.externaltools.gnu-tools-for-stm32.7-2018-q2-update.win32_1.4.0.202007081208/tools/bin/../lib/gcc/arm-none-eabi/7.3.1/../../../../arm-none-eabi/lib/thumb/v7-m\libc_nano.a(lib_a-impure.o)
                              f:/st/stm32cubeide_1.4.0/stm32cubeide/plugins/com.st.stm32cube.ide.mcu.externaltools.gnu-tools-for-stm32.7-2018-q2-update.win32_1.4.0.202007081208/tools/bin/../lib/gcc/arm-none-eabi/7.3.1/../../../../arm-none-eabi/lib/thumb/v7-m\libc_nano.a(lib_a-exit.o) (_global_impure_ptr)
f:/st/stm32cubeide_1.4.0/stm32cubeide/plugins/com.st.stm32cube.ide.mcu.externaltools.gnu-tools-for-stm32.7-2018-q2-update.win32_1.4.0.202007081208/tools/bin/../lib/gcc/arm-none-eabi/7.3.1/../../../../arm-none-eabi/lib/thumb/v7-m\libc_nano.a(lib_a-init.o)
                              f:/st/stm32cubeide_1.4.0/stm32cubeide/plugins/com.st.stm32cube.ide.mcu.externaltools.gnu-tools-for-stm32.7-2018-q2-update.win32_1.4.0.202007081208/tools/bin/../lib/gcc/arm-none-eabi/7.3.1/../../../../arm-none-eabi/lib/thumb/v7-m/crt0.o (__libc_init_array)
f:/st/stm32cubeide_1.4.0/stm32cubeide/plugins/com.st.stm32cube.ide.mcu.externaltools.gnu-tools-for-stm32.7-2018-q2-update.win32_1.4.0.202007081208/tools/bin/../lib/gcc/arm-none-eabi/7.3.1/../../../../arm-none-eabi/lib/thumb/v7-m\libc_nano.a(lib_a-memset.o)
                              f:/st/stm32cubeide_1.4.0/stm32cubeide/plugins/com.st.stm32cube.ide.mcu.externaltools.gnu-tools-for-stm32.7-2018-q2-update.win32_1.4.0.202007081208/tools/bin/../lib/gcc/arm-none-eabi/7.3.1/../../../../arm-none-eabi/lib/thumb/v7-m/crt0.o (memset)
f:/st/stm32cubeide_1.4.0/stm32cubeide/plugins/com.st.stm32cube.ide.mcu.externaltools.gnu-tools-for-stm32.7-2018-q2-update.win32_1.4.0.202007081208/tools/bin/../lib/gcc/arm-none-eabi/7.3.1/../../../../arm-none-eabi/lib/thumb/v7-m\libc_nano.a(lib_a-sprintf.o)
                              Stm32_F103C6_Drivers/LCD_Driver/LCD.o (sprintf)
f:/st/stm32cubeide_1.4.0/stm32cubeide/plugins/com.st.stm32cube.ide.mcu.externaltools.gnu-tools-for-stm32.7-2018-q2-update.win32_1.4.0.202007081208/tools/bin/../lib/gcc/arm-none-eabi/7.3.1/../../../../arm-none-eabi/lib/thumb/v7-m\libc_nano.a(lib_a-nano-svfprintf.o)
                              f:/st/stm32cubeide_1.4.0/stm32cubeide/plugins/com.st.stm32cube.ide.mcu.externaltools.gnu-tools-for-stm32.7-2018-q2-update.win32_1.4.0.202007081208/tools/bin/../lib/gcc/arm-none-eabi/7.3.1/../../../../arm-none-eabi/lib/thumb/v7-m\libc_nano.a(lib_a-sprintf.o) (_svfprintf_r)
f:/st/stm32cubeide_1.4.0/stm32cubeide/plugins/com.st.stm32cube.ide.mcu.externaltools.gnu-tools-for-stm32.7-2018-q2-update.win32_1.4.0.202007081208/tools/bin/../lib/gcc/arm-none-eabi/7.3.1/../../../../arm-none-eabi/lib/thumb/v7-m\libc_nano.a(lib_a-nano-vfprintf_i.o)
                              f:/st/stm32cubeide_1.4.0/stm32cubeide/plugins/com.st.stm32cube.ide.mcu.externaltools.gnu-tools-for-stm32.7-2018-q2-update.win32_1.4.0.202007081208/tools/bin/../lib/gcc/arm-none-eabi/7.3.1/../../../../arm-none-eabi/lib/thumb/v7-m\libc_nano.a(lib_a-nano-svfprintf.o) (_printf_i)
f:/st/stm32cubeide_1.4.0/stm32cubeide/plugins/com.st.stm32cube.ide.mcu.externaltools.gnu-tools-for-stm32.7-2018-q2-update.win32_1.4.0.202007081208/tools/bin/../lib/gcc/arm-none-eabi/7.3.1/../../../../arm-none-eabi/lib/thumb/v7-m\libc_nano.a(lib_a-memchr-stub.o)
                              f:/st/stm32cubeide_1.4.0/stm32cubeide/plugins/com.st.stm32cube.ide.mcu.externaltools.gnu-tools-for-stm32.7-2018-q2-update.win32_1.4.0.202007081208/tools/bin/../lib/gcc/arm-none-eabi/7.3.1/../../../../arm-none-eabi/lib/thumb/v7-m\libc_nano.a(lib_a-nano-svfprintf.o) (memchr)
f:/st/stm32cubeide_1.4.0/stm32cubeide/plugins/com.st.stm32cube.ide.mcu.externaltools.gnu-tools-for-stm32.7-2018-q2-update.win32_1.4.0.202007081208/tools/bin/../lib/gcc/arm-none-eabi/7.3.1/../../../../arm-none-eabi/lib/thumb/v7-m\libc_nano.a(lib_a-memcpy-stub.o)
[...]
Memory Configuration

Name             Origin             Length             Attributes
RAM              0x0000000020000000 0x0000000000002800 xrw
ROM              0x0000000008000000 0x0000000000008000 xr
*default*        0x0000000000000000 0xffffffffffffffff

Linker script and memory map

LOAD f:/st/stm32cubeide_1.4.0/stm32cubeide/plugins/com.st.stm32cube.ide.mcu.externaltools.gnu-tools-for-stm32.7-2018-q2-update.win32_1.4.0.202007081208/tools/bin/../lib/gcc/arm-none-eabi/7.3.1/thumb/v7-m/crti.o
LOAD f:/st/stm32cubeide_1.4.0/stm32cubeide/plugins/com.st.stm32cube.ide.mcu.externaltools.gnu-tools-for-stm32.7-2018-q2-update.win32_1.4.0.202007081208/tools/bin/../lib/gcc/arm-none-eabi/7.3.1/thumb/v7-m/crtbegin.o
LOAD f:/st/stm32cubeide_1.4.0/stm32cubeide/plugins/com.st.stm32cube.ide.mcu.externaltools.gnu-tools-for-stm32.7-2018-q2-update.win32_1.4.0.202007081208/tools/bin/../lib/gcc/arm-none-eabi/7.3.1/../../../../arm-none-eabi/lib/thumb/v7-m/crt0.o
LOAD Src/main.o
LOAD Src/syscalls.o
LOAD Src/sysmem.o
LOAD Startup/startup_stm32f103c6tx.o
LOAD Stm32_F103C6_Drivers/GPIO_Driver/Stm32F_103C6_Gpio_Driver.o
LOAD Stm32_F103C6_Drivers/KeyPad_Driver/KeyPad.o
LOAD Stm32_F103C6_Drivers/LCD_Driver/LCD.o
START GROUP
LOAD f:/st/stm32cubeide_1.4.0/stm32cubeide/plugins/com.st.stm32cube.ide.mcu.externaltools.gnu-tools-for-stm32.7-2018-q2-update.win32_1.4.0.202007081208/tools/bin/../lib/gcc/arm-none-eabi/7.3.1/../../../../arm-none-eabi/lib/thumb/v7-m\libc_nano.a
LOAD f:/st/stm32cubeide_1.4.0/stm32cubeide/plugins/com.st.stm32cube.ide.mcu.externaltools.gnu-tools-for-stm32.7-2018-q2-update.win32_1.4.0.202007081208/tools/bin/../lib/gcc/arm-none-eabi/7.3.1/../../../../arm-none-eabi/lib/thumb/v7-m\libm.a
END GROUP
START GROUP
LOAD f:/st/stm32cubeide_1.4.0/stm32cubeide/plugins/com.st.stm32cube.ide.mcu.externaltools.gnu-tools-for-stm32.7-2018-q2-update.win32_1.4.0.202007081208/tools/bin/../lib/gcc/arm-none-eabi/7.3.1/thumb/v7-m\libgcc.a
LOAD f:/st/stm32cubeide_1.4.0/stm32cubeide/plugins/com.st.stm32cube.ide.mcu.externaltools.gnu-tools-for-stm32.7-2018-q2-update.win32_1.4.0.202007081208/tools/bin/../lib/gcc/arm-none-eabi/7.3.1/../../../../arm-none-eabi/lib/thumb/v7-m\libg_nano.a
LOAD f:/st/stm32cubeide_1.4.0/stm32cubeide/plugins/com.st.stm32cube.ide.mcu.externaltools.gnu-tools-for-stm32.7-2018-q2-update.win32_1.4.0.202007081208/tools/bin/../lib/gcc/arm-none-eabi/7.3.1/../../../../arm-none-eabi/lib/thumb/v7-m\libc_nano.a
END GROUP
START GROUP
LOAD f:/st/stm32cubeide_1.4.0/stm32cubeide/plugins/com.st.stm32cube.ide.mcu.externaltools.gnu-tools-for-stm32.7-2018-q2-update.win32_1.4.0.202007081208/tools/bin/../lib/gcc/arm-none-eabi/7.3.1/thumb/v7-m\libgcc.a
LOAD f:/st/stm32cubeide_1.4.0/stm32cubeide/plugins/com.st.stm32cube.ide.mcu.externaltools.gnu-tools-for-stm32.7-2018-q2-update.win32_1.4.0.202007081208/tools/bin/../lib/gcc/arm-none-eabi/7.3.1/../../../../arm-none-eabi/lib/thumb/v7-m\libc_nano.a
LOAD f:/st/stm32cubeide_1.4.0/stm32cubeide/plugins/com.st.stm32cube.ide.mcu.externaltools.gnu-tools-for-stm32.7-2018-q2-update.win32_1.4.0.202007081208/tools/bin/../lib/gcc/arm-none-eabi/7.3.1/../../../../arm-none-eabi/lib/thumb/v7-m\libnosys.a
END GROUP
START GROUP
LOAD f:/st/stm32cubeide_1.4.0/stm32cubeide/plugins/com.st.stm32cube.ide.mcu.externaltools.gnu-tools-for-stm32.7-2018-q2-update.win32_1.4.0.202007081208/tools/bin/../lib/gcc/arm-none-eabi/7.3.1/thumb/v7-m\libgcc.a
LOAD f:/st/stm32cubeide_1.4.0/stm32cubeide/plugins/com.st.stm32cube.ide.mcu.externaltools.gnu-tools-for-stm32.7-2018-q2-update.win32_1.4.0.202007081208/tools/bin/../lib/gcc/arm-none-eabi/7.3.1/../../../../arm-none-eabi/lib/thumb/v7-m\libc_nano.a
LOAD f:/st/stm32cubeide_1.4.0/stm32cubeide/plugins/com.st.stm32cube.ide.mcu.externaltools.gnu-tools-for-stm32.7-2018-q2-update.win32_1.4.0.202007081208/tools/bin/../lib/gcc/arm-none-eabi/7.3.1/../../../../arm-none-eabi/lib/thumb/v7-m\libnosys.a
END GROUP
LOAD f:/st/stm32cubeide_1.4.0/stm32cubeide/plugins/com.st.stm32cube.ide.mcu.externaltools.gnu-tools-for-stm32.7-2018-q2-update.win32_1.4.0.202007081208/tools/bin/../lib/gcc/arm-none-eabi/7.3.1/thumb/v7-m/crtend.o
LOAD f:/st/stm32cubeide_1.4.0/stm32cubeide/plugins/com.st.stm32cube.ide.mcu.externaltools.gnu-tools-for-stm32.7-2018-q2-update.win32_1.4.0.202007081208/tools/bin/../lib/gcc/arm-none-eabi/7.3.1/thumb/v7-m/crtn.o
                0x0000000020002800                _estack = (ORIGIN (RAM) + LENGTH (RAM))
                0x0000000000000200                _Min_Heap_Size = 0x200
                0x0000000000000400                _Min_Stack_Size = 0x400

.isr_vector     0x0000000008000000      0x130
                0x0000000008000000                . = ALIGN (0x4)
 *(.isr_vector)
 .isr_vector    0x0000000008000000      0x130 Startup/startup_stm32f103c6tx.o
                0x0000000008000000                g_pfnVectors
                0x0000000008000130                . = ALIGN (0x4)

.text           0x0000000008000130      0x45c
                0x0000000008000130                . = ALIGN (0x4)
 *(.text)
 .text          0x0000000008000130       0x40 f:/st/stm32cubeide_1.4.0/stm32cubeide/plugins/com.st.stm32cube.ide.mcu.externaltools.gnu-tools-for-stm32.7-2018-q2-update.win32_1.4.0.202007081208/tools/bin/../lib/gcc/arm-none-eabi/7.3.1/thumb/v7-m/crtbegin.o
 *(.text*)
 .text.clock_init
                0x0000000008000170       0x28 Src/main.o
                0x0000000008000170                clock_init
 .text.Gpio_init
                0x0000000008000198       0x6c Src/main.o
                0x0000000008000198                Gpio_init
 .text.wait     0x0000000008000204       0x38 Src/main.o
                0x0000000008000204                wait
 .text.main     0x000000000800023c       0x5c Src/main.o
                0x000000000800023c                main
 .text.Reset_Handler
                0x0000000008000298       0x50 Startup/startup_stm32f103c6tx.o
                0x0000000008000298                Reset_Handler
 .text.Default_Handler
                0x00000000080002e8        0x2 Startup/startup_stm32f103c6tx.o
                0x00000000080002e8                EXTI2_IRQHandler
                0x00000000080002e8                TIM8_TRG_COM_IRQHandler
                0x00000000080002e8                TIM8_CC_IRQHandler
                0x00000000080002e8                DebugMon_Handler
                0x00000000080002e8                TIM1_CC_IRQHandler
                0x00000000080002e8                HardFault_Handler
                0x00000000080002e8                TIM6_IRQHandler
                0x00000000080002e8                SysTick_Handler
                0x00000000080002e8                PVD_IRQHandler
                0x00000000080002e8                SDIO_IRQHandler
                0x00000000080002e8                PendSV_Handler
                0x00000000080002e8                NMI_Handler
                0x00000000080002e8                EXTI3_IRQHandler
                0x00000000080002e8                USB_HP_CAN_TX_IRQHandler
                0x00000000080002e8                EXTI0_IRQHandler
                0x00000000080002e8                I2C2_EV_IRQHandler
                0x00000000080002e8                UsageFault_Handler
                0x00000000080002e8                ADC1_2_IRQHandler
                0x00000000080002e8                SPI1_IRQHandler
                0x00000000080002e8                CAN_SCE_IRQHandler
                0x00000000080002e8                TAMPER_IRQHandler
                0x00000000080002e8                TIM8_UP_IRQHandler
                0x00000000080002e8                DMA2_Channel2_IRQHandler
                0x00000000080002e8                DMA1_Channel4_IRQHandler
                0x00000000080002e8                USART3_IRQHandler
                0x00000000080002e8                RTC_IRQHandler
                0x00000000080002e8                DMA1_Channel7_IRQHandler
                0x00000000080002e8                UART5_IRQHandler
                0x00000000080002e8                ADC3_IRQHandler
                0x00000000080002e8                TIM4_IRQHandler
                0x00000000080002e8                CAN_RX1_IRQHandler
                0x00000000080002e8                DMA2_Channel1_IRQHandler
                0x00000000080002e8                I2C1_EV_IRQHandler
                0x00000000080002e8                DMA1_Channel6_IRQHandler
                0x00000000080002e8                UART4_IRQHandler
                0x00000000080002e8                TIM3_IRQHandler
                0x00000000080002e8                RCC_IRQHandler
                0x00000000080002e8                TIM1_TRG_COM_IRQHandler
                0x00000000080002e8                DMA1_Channel1_IRQHandler
                0x00000000080002e8                Default_Handler
                0x00000000080002e8                EXTI15_10_IRQHandler
                0x00000000080002e8                TIM7_IRQHandler
                0x00000000080002e8                TIM5_IRQHandler
                0x00000000080002e8                EXTI9_5_IRQHandler
                0x00000000080002e8                SPI2_IRQHandler
                0x00000000080002e8                USB_LP_CAN_RX0_IRQHandler
                0x00000000080002e8                MemManage_Handler
                0x00000000080002e8                SVC_Handler
                0x00000000080002e8                DMA1_Channel5_IRQHandler
                0x00000000080002e8                EXTI4_IRQHandler
                0x00000000080002e8                DMA1_Channel3_IRQHandler
                0x00000000080002e8                FSMC_IRQHandler
                0x00000000080002e8                TIM1_UP_IRQHandler
                0x00000000080002e8                WWDG_IRQHandler
                0x00000000080002e8                TIM2_IRQHandler
                0x00000000080002e8                TIM1_BRK_IRQHandler
                0x00000000080002e8                EXTI1_IRQHandler
                0x00000000080002e8                RTCAlarm_IRQHandler
                0x00000000080002e8                DMA2_Channel4_5_IRQHandler
                0x00000000080002e8                USART2_IRQHandler
                0x00000000080002e8                I2C2_ER_IRQHandler
                0x00000000080002e8                DMA1_Channel2_IRQHandler
                0x00000000080002e8                TIM8_BRK_IRQHandler
                0x00000000080002e8                FLASH_IRQHandler
                0x00000000080002e8                BusFault_Handler
                0x00000000080002e8                USART1_IRQHandler
                0x00000000080002e8                SPI3_IRQHandler
                0x00000000080002e8                I2C1_ER_IRQHandler
                0x00000000080002e8                DMA2_Channel3_IRQHandler
 .text.get_CRLH_position
                0x00000000080002ea       0xc6 Stm32_F103C6_Drivers/GPIO_Driver/Stm32F_103C6_Gpio_Driver.o
                0x00000000080002ea                get_CRLH_position
 .text.MCAL_GPIO_Init
                0x00000000080003b0      0x12c Stm32_F103C6_Drivers/GPIO_Driver/Stm32F_103C6_Gpio_Driver.o
                0x00000000080003b0                MCAL_GPIO_Init
 .text.MCAL_GPIO_ReadPin
                0x00000000080004dc       0x2e Stm32_F103C6_Drivers/GPIO_Driver/Stm32F_103C6_Gpio_Driver.o
                0x00000000080004dc                MCAL_GPIO_ReadPin
 .text.MCAL_GPIO_TogglePin
                0x000000000800050a       0x22 Stm32_F103C6_Drivers/GPIO_Driver/Stm32F_103C6_Gpio_Driver.o
                0x000000000800050a                MCAL_GPIO_TogglePin
 .text.__libc_init_array
                0x000000000800052c       0x48 f:/st/stm32cubeide_1.4.0/stm32cubeide/plugins/com.st.stm32cube.ide.mcu.externaltools.gnu-tools-for-stm32.7-2018-q2-update.win32_1.4.0.202007081208/tools/bin/../lib/gcc/arm-none-eabi/7.3.1/../../../../arm-none-eabi/lib/thumb/v7-m\libc_nano.a(lib_a-init.o)
                0x000000000800052c                __libc_init_array
 *(.glue_7)
 .glue_7        0x0000000008000574        0x0 linker stubs
 *(.glue_7t)
 .glue_7t       0x0000000008000574        0x0 linker stubs
 *(.eh_frame)
 .eh_frame      0x0000000008000574        0x0 f:/st/stm32cubeide_1.4.0/stm32cubeide/plugins/com.st.stm32cube.ide.mcu.externaltools.gnu-tools-for-stm32.7-2018-q2-update.win32_1.4.0.202007081208/tools/bin/../lib/gcc/arm-none-eabi/7.3.1/thumb/v7-m/crtbegin.o
 *(.init)
 .init          0x0000000008000574        0x4 f:/st/stm32cubeide_1.4.0/stm32cubeide/plugins/com.st.stm32cube.ide.mcu.externaltools.gnu-tools-for-stm32.7-2018-q2-update.win32_1.4.0.202007081208/tools/bin/../lib/gcc/arm-none-eabi/7.3.1/thumb/v7-m/crti.o
                0x0000000008000574                _init
 .init          0x0000000008000578        0x8 f:/st/stm32cubeide_1.4.0/stm32cubeide/plugins/com.st.stm32cube.ide.mcu.externaltools.gnu-tools-for-stm32.7-2018-q2-update.win32_1.4.0.202007081208/tools/bin/../lib/gcc/arm-none-eabi/7.3.1/thumb/v7-m/crtn.o
 *(.fini)
 .fini          0x0000000008000580        0x4 f:/st/stm32cubeide_1.4.0/stm32cubeide/plugins/com.st.stm32cube.ide.mcu.externaltools.gnu-tools-for-stm32.7-2018-q2-update.win32_1.4.0.202007081208/tools/bin/../lib/gcc/arm-none-eabi/7.3.1/thumb/v7-m/crti.o
                0x0000000008000580                _fini
 .fini          0x0000000008000584        0x8 f:/st/stm32cubeide_1.4.0/stm32cubeide/plugins/com.st.stm32cube.ide.mcu.externaltools.gnu-tools-for-stm32.7-2018-q2-update.win32_1.4.0.202007081208/tools/bin/../lib/gcc/arm-none-eabi/7.3.1/thumb/v7-m/crtn.o
                0x000000000800058c                . = ALIGN (0x4)
                0x000000000800058c                _etext = .

.vfp11_veneer   0x000000000800058c        0x0
 .vfp11_veneer  0x000000000800058c        0x0 linker stubs

.v4_bx          0x000000000800058c        0x0
 .v4_bx         0x000000000800058c        0x0 linker stubs

.iplt           0x000000000800058c        0x0
 .iplt          0x000000000800058c        0x0 f:/st/stm32cubeide_1.4.0/stm32cubeide/plugins/com.st.stm32cube.ide.mcu.externaltools.gnu-tools-for-stm32.7-2018-q2-update.win32_1.4.0.202007081208/tools/bin/../lib/gcc/arm-none-eabi/7.3.1/thumb/v7-m/crtbegin.o

.rel.dyn        0x000000000800058c        0x0
 .rel.iplt      0x000000000800058c        0x0 f:/st/stm32cubeide_1.4.0/stm32cubeide/plugins/com.st.stm32cube.ide.mcu.externaltools.gnu-tools-for-stm32.7-2018-q2-update.win32_1.4.0.202007081208/tools/bin/../lib/gcc/arm-none-eabi/7.3.1/thumb/v7-m/crtbegin.o

.rodata         0x000000000800058c        0x0
                0x000000000800058c                . = ALIGN (0x4)
 *(.rodata)
 *(.rodata*)
                0x000000000800058c                . = ALIGN (0x4)

.ARM.extab      0x000000000800058c        0x0
                0x000000000800058c                . = ALIGN (0x4)
 *(.ARM.extab* .gnu.linkonce.armextab.*)
                0x000000000800058c                . = ALIGN (0x4)

.ARM            0x000000000800058c        0x0
                0x000000000800058c                . = ALIGN (0x4)
                0x000000000800058c                __exidx_start = .
 *(.ARM.exidx*)
                0x000000000800058c                __exidx_end = .
                0x000000000800058c                . = ALIGN (0x4)

.preinit_array  0x000000000800058c        0x0
                0x000000000800058c                . = ALIGN (0x4)
                0x000000000800058c                PROVIDE (__preinit_array_start = .)
 *(.preinit_array*)
                0x000000000800058c                PROVIDE (__preinit_array_end = .)
                0x000000000800058c                . = ALIGN (0x4)

.init_array     0x000000000800058c        0x4
                0x000000000800058c                . = ALIGN (0x4)
                0x000000000800058c                PROVIDE (__init_array_start = .)
 *(SORT_BY_NAME(.init_array.*))
 *(.init_array*)
 .init_array    0x000000000800058c        0x4 f:/st/stm32cubeide_1.4.0/stm32cubeide/plugins/com.st.stm32cube.ide.mcu.externaltools.gnu-tools-for-stm32.7-2018-q2-update.win32_1.4.0.202007081208/tools/bin/../lib/gcc/arm-none-eabi/7.3.1/thumb/v7-m/crtbegin.o
                0x0000000008000590                PROVIDE (__init_array_end = .)
                0x0000000008000590                . = ALIGN (0x4)

.fini_array     0x0000000008000590        0x4
                0x0000000008000590                . = ALIGN (0x4)
                [!provide]                        PROVIDE (__fini_array_start = .)
 *(SORT_BY_NAME(.fini_array.*))
 *(.fini_array*)
 .fini_array    0x0000000008000590        0x4 f:/st/stm32cubeide_1.4.0/stm32cubeide/plugins/com.st.stm32cube.ide.mcu.externaltools.gnu-tools-for-stm32.7-2018-q2-update.win32_1.4.0.202007081208/tools/bin/../lib/gcc/arm-none-eabi/7.3.1/thumb/v7-m/crtbegin.o
                [!provide]                        PROVIDE (__fini_array_end = .)
                0x0000000008000594                . = ALIGN (0x4)
                0x0000000008000594                _sidata = LOADADDR (.data)

.data           0x0000000020000000        0x0 load address 0x0000000008000594
                0x0000000020000000                . = ALIGN (0x4)
                0x0000000020000000                _sdata = .
 *(.data)
 *(.data*)
                0x0000000020000000                . = ALIGN (0x4)
                0x0000000020000000                _edata = .

.igot.plt       0x0000000020000000        0x0 load address 0x0000000008000594
 .igot.plt      0x0000000020000000        0x0 f:/st/stm32cubeide_1.4.0/stm32cubeide/plugins/com.st.stm32cube.ide.mcu.externaltools.gnu-tools-for-stm32.7-2018-q2-update.win32_1.4.0.202007081208/tools/bin/../lib/gcc/arm-none-eabi/7.3.1/thumb/v7-m/crtbegin.o
                0x0000000020000000                . = ALIGN (0x4)

.bss            0x0000000020000000       0x1c load address 0x0000000008000594
                0x0000000020000000                _sbss = .
                0x0000000020000000                __bss_start__ = _sbss
 *(.bss)
 .bss           0x0000000020000000       0x1c f:/st/stm32cubeide_1.4.0/stm32cubeide/plugins/com.st.stm32cube.ide.mcu.externaltools.gnu-tools-for-stm32.7-2018-q2-update.win32_1.4.0.202007081208/tools/bin/../lib/gcc/arm-none-eabi/7.3.1/thumb/v7-m/crtbegin.o
 *(.bss*)
 *(COMMON)
                0x000000002000001c                . = ALIGN (0x4)
                0x000000002000001c                _ebss = .
                0x000000002000001c                __bss_end__ = _ebss

._user_heap_stack
                0x000000002000001c      0x604 load address 0x0000000008000594
                0x0000000020000020                . = ALIGN (0x8)
 *fill*         0x000000002000001c        0x4 
                [!provide]                        PROVIDE (end = .)
                0x0000000020000020                PROVIDE (_end = .)
                0x0000000020000220                . = (. + _Min_Heap_Size)
 *fill*         0x0000000020000020      0x200 
                0x0000000020000620                . = (. + _Min_Stack_Size)
 *fill*         0x0000000020000220      0x400 
                0x0000000020000620                . = ALIGN (0x8)

/DISCARD/
 libc.a(*)
 libm.a(*)
 libgcc.a(*)

.ARM.attributes
                0x0000000000000000       0x29
 *(.ARM.attributes)
 .ARM.attributes
                0x0000000000000000       0x1d f:/st/stm32cubeide_1.4.0/stm32cubeide/plugins/com.st.stm32cube.ide.mcu.externaltools.gnu-tools-for-stm32.7-2018-q2-update.win32_1.4.0.202007081208/tools/bin/../lib/gcc/arm-none-eabi/7.3.1/thumb/v7-m/crti.o
 .ARM.attributes
                0x000000000000001d       0x2d f:/st/stm32cubeide_1.4.0/stm32cubeide/plugins/com.st.stm32cube.ide.mcu.externaltools.gnu-tools-for-stm32.7-2018-q2-update.win32_1.4.0.202007081208/tools/bin/../lib/gcc/arm-none-eabi/7.3.1/thumb/v7-m/crtbegin.o
 .ARM.attributes
                0x000000000000004a       0x33 Src/main.o
 .ARM.attributes
                0x000000000000007d       0x21 Startup/startup_stm32f103c6tx.o
 .ARM.attributes
                0x000000000000009e       0x33 Stm32_F103C6_Drivers/GPIO_Driver/Stm32F_103C6_Gpio_Driver.o
 .ARM.attributes
                0x00000000000000d1       0x2d f:/st/stm32cubeide_1.4.0/stm32cubeide/plugins/com.st.stm32cube.ide.mcu.externaltools.gnu-tools-for-stm32.7-2018-q2-update.win32_1.4.0.202007081208/tools/bin/../lib/gcc/arm-none-eabi/7.3.1/../../../../arm-none-eabi/lib/thumb/v7-m\libc_nano.a(lib_a-init.o)
 .ARM.attributes
                0x00000000000000fe       0x1d f:/st/stm32cubeide_1.4.0/stm32cubeide/plugins/com.st.stm32cube.ide.mcu.externaltools.gnu-tools-for-stm32.7-2018-q2-update.win32_1.4.0.202007081208/tools/bin/../lib/gcc/arm-none-eabi/7.3.1/thumb/v7-m/crtn.o
OUTPUT(Drivers.elf elf32-littlearm)

.debug_info     0x0000000000000000     0x193f
 .debug_info    0x0000000000000000      0xbb9 Src/main.o
 .debug_info    0x0000000000000bb9       0x22 Startup/startup_stm32f103c6tx.o
 .debug_info    0x0000000000000bdb      0xd64 Stm32_F103C6_Drivers/GPIO_Driver/Stm32F_103C6_Gpio_Driver.o

.debug_abbrev   0x0000000000000000      0x438
 .debug_abbrev  0x0000000000000000      0x1e5 Src/main.o
 .debug_abbrev  0x00000000000001e5       0x12 Startup/startup_stm32f103c6tx.o
 .debug_abbrev  0x00000000000001f7      0x241 Stm32_F103C6_Drivers/GPIO_Driver/Stm32F_103C6_Gpio_Driver.o

.debug_loc      0x0000000000000000      0x44c
 .debug_loc     0x0000000000000000      0x11c Src/main.o
 .debug_loc     0x000000000000011c      0x330 Stm32_F103C6_Drivers/GPIO_Driver/Stm32F_103C6_Gpio_Driver.o

.debug_aranges  0x0000000000000000       0xc0
 .debug_aranges
                0x0000000000000000       0x38 Src/main.o
 .debug_aranges
                0x0000000000000038       0x28 Startup/startup_stm32f103c6tx.o
 .debug_aranges
                0x0000000000000060       0x60 Stm32_F103C6_Drivers/GPIO_Driver/Stm32F_103C6_Gpio_Driver.o

.debug_ranges   0x0000000000000000       0x98
 .debug_ranges  0x0000000000000000       0x28 Src/main.o
 .debug_ranges  0x0000000000000028       0x20 Startup/startup_stm32f103c6tx.o
 .debug_ranges  0x0000000000000048       0x50 Stm32_F103C6_Drivers/GPIO_Driver/Stm32F_103C6_Gpio_Driver.o

.debug_macro    0x0000000000000000     0x1ba6
 .debug_macro   0x0000000000000000      0x14c Src/main.o
 .debug_macro   0x000000000000014c      0xa60 Src/main.o
 .debug_macro   0x0000000000000bac       0x18 Src/main.o
 .debug_macro   0x0000000000000bc4       0x22 Src/main.o
 .debug_macro   0x0000000000000be6       0x40 Src/main.o
 .debug_macro   0x0000000000000c26       0x94 Src/main.o
 .debug_macro   0x0000000000000cba       0x3c Src/main.o
 .debug_macro   0x0000000000000cf6       0x34 Src/main.o
 .debug_macro   0x0000000000000d2a       0x16 Src/main.o
 .debug_macro   0x0000000000000d40      0x10e Src/main.o
 .debug_macro   0x0000000000000e4e       0x8d Src/main.o
 .debug_macro   0x0000000000000edb       0x57 Src/main.o
 .debug_macro   0x0000000000000f32       0x52 Src/main.o
 .debug_macro   0x0000000000000f84       0x1f Src/main.o
 .debug_macro   0x0000000000000fa3       0x43 Src/main.o
 .debug_macro   0x0000000000000fe6       0x20 Src/main.o
 .debug_macro   0x0000000000001006      0x1a3 Src/main.o
 .debug_macro   0x00000000000011a9      0x330 Src/main.o
 .debug_macro   0x00000000000014d9       0x16 Src/main.o
 .debug_macro   0x00000000000014ef       0x29 Src/main.o
 .debug_macro   0x0000000000001518       0xef Src/main.o
 .debug_macro   0x0000000000001607       0x6a Src/main.o
 .debug_macro   0x0000000000001671      0x1df Src/main.o
 .debug_macro   0x0000000000001850       0xad Src/main.o
 .debug_macro   0x00000000000018fd       0xca Src/main.o
 .debug_macro   0x00000000000019c7       0xa0 Src/main.o
 .debug_macro   0x0000000000001a67      0x13f Stm32_F103C6_Drivers/GPIO_Driver/Stm32F_103C6_Gpio_Driver.o

.debug_line     0x0000000000000000      0xd98
 .debug_line    0x0000000000000000      0x69d Src/main.o
 .debug_line    0x000000000000069d       0x84 Startup/startup_stm32f103c6tx.o
 .debug_line    0x0000000000000721      0x677 Stm32_F103C6_Drivers/GPIO_Driver/Stm32F_103C6_Gpio_Driver.o

.debug_str      0x0000000000000000     0x792f
 .debug_str     0x0000000000000000     0x77f2 Src/main.o
                                       0x7a5a (size before relaxing)
 .debug_str     0x00000000000077f2       0x31 Startup/startup_stm32f103c6tx.o
                                         0x62 (size before relaxing)
 .debug_str     0x0000000000007823      0x10c Stm32_F103C6_Drivers/GPIO_Driver/Stm32F_103C6_Gpio_Driver.o
                                       0x78c5 (size before relaxing)

.comment        0x0000000000000000       0x7b
 .comment       0x0000000000000000       0x7b Src/main.o
                                         0x7c (size before relaxing)
 .comment       0x000000000000007b       0x7c Stm32_F103C6_Drivers/GPIO_Driver/Stm32F_103C6_Gpio_Driver.o

.debug_frame    0x0000000000000000      0x23c
 .debug_frame   0x0000000000000000       0x98 Src/main.o
 .debug_frame   0x0000000000000098      0x178 Stm32_F103C6_Drivers/GPIO_Driver/Stm32F_103C6_Gpio_Driver.o
 .debug_frame   0x0000000000000210       0x2c f:/st/stm32cubeide_1.4.0/stm32cubeide/plugins/com.st.stm32cube.ide.mcu.externaltools.gnu-tools-for-stm32.7-2018-q2-update.win32_1.4.0.202007081208/tools/bin/../lib/gcc/arm-none-eabi/7.3.1/../../../../arm-none-eabi/lib/thumb/v7-m\libc_nano.a(lib_a-init.o)
