
Memory Configuration

Name             Origin             Length             Attributes
flash            0x00000000         0x20000000         xr
sram             0x20000000         0x20000000         xrw
*default*        0x00000000         0xffffffff

Linker script and memory map


.text           0x00000000      0x138
 *(.vectors*)
 .vectors       0x00000000       0x1c startup.o
                0x00000000                stack
 *(.text*)
 .text          0x0000001c       0x90 startup.o
                0x0000001c                Bus_fault
                0x0000001c                Usage_fault_Handler
                0x0000001c                Default_Handler
                0x0000001c                NM_fault_Handler
                0x0000001c                H_fault_Handler
                0x0000001c                NMI_Handler
                0x00000028                reset_Handler
 .text          0x000000ac       0x8c tiva_led.o
                0x000000ac                main
 *(.rodata)
                0x00000138                _E_text = .

.glue_7         0x00000138        0x0
 .glue_7        0x00000138        0x0 linker stubs

.glue_7t        0x00000138        0x0
 .glue_7t       0x00000138        0x0 linker stubs

.vfp11_veneer   0x00000138        0x0
 .vfp11_veneer  0x00000138        0x0 linker stubs

.v4_bx          0x00000138        0x0
 .v4_bx         0x00000138        0x0 linker stubs

.iplt           0x00000138        0x0
 .iplt          0x00000138        0x0 startup.o

.rel.dyn        0x00000138        0x0
 .rel.iplt      0x00000138        0x0 startup.o

.data           0x20000000        0x0 load address 0x00000138
                0x20000000                _S_data = .
 *(.data)
 .data          0x20000000        0x0 startup.o
 .data          0x20000000        0x0 tiva_led.o
                0x20000000                _E_data = .

.igot.plt       0x20000000        0x0 load address 0x00000138
 .igot.plt      0x20000000        0x0 startup.o

.bss            0x20000000      0x400 load address 0x00000138
                0x20000000                _S_bss = .
 *(.bss*)
 .bss           0x20000000      0x400 startup.o
 .bss           0x20000400        0x0 tiva_led.o
                0x20000400                . = ALIGN (0x4)
                0x20000400                _E_bss = .
LOAD startup.o
LOAD tiva_led.o
OUTPUT(tiva.elf elf32-littlearm)

.debug_info     0x00000000      0x20b
 .debug_info    0x00000000      0x1a5 startup.o
 .debug_info    0x000001a5       0x66 tiva_led.o

.debug_abbrev   0x00000000      0x138
 .debug_abbrev  0x00000000       0xdc startup.o
 .debug_abbrev  0x000000dc       0x5c tiva_led.o

.debug_loc      0x00000000       0xb4
 .debug_loc     0x00000000       0x7c startup.o
 .debug_loc     0x0000007c       0x38 tiva_led.o

.debug_aranges  0x00000000       0x40
 .debug_aranges
                0x00000000       0x20 startup.o
 .debug_aranges
                0x00000020       0x20 tiva_led.o

.debug_line     0x00000000       0xce
 .debug_line    0x00000000       0x69 startup.o
 .debug_line    0x00000069       0x65 tiva_led.o

.debug_str      0x00000000      0x17b
 .debug_str     0x00000000      0x165 startup.o
                                0x199 (size before relaxing)
 .debug_str     0x00000165       0x16 tiva_led.o
                                 0xba (size before relaxing)

.comment        0x00000000       0x7e
 .comment       0x00000000       0x7e startup.o
                                 0x7f (size before relaxing)
 .comment       0x0000007e       0x7f tiva_led.o

.ARM.attributes
                0x00000000       0x33
 .ARM.attributes
                0x00000000       0x33 startup.o
 .ARM.attributes
                0x00000033       0x33 tiva_led.o

.debug_frame    0x00000000       0x7c
 .debug_frame   0x00000000       0x50 startup.o
 .debug_frame   0x00000050       0x2c tiva_led.o
