Archive member included to satisfy reference by file (symbol)

f:/st/stm32cubeide_1.4.0/stm32cubeide/plugins/com.st.stm32cube.ide.mcu.externaltools.gnu-tools-for-stm32.7-2018-q2-update.win32_1.4.0.202007081208/tools/bin/../lib/gcc/arm-none-eabi/7.3.1/../../../../arm-none-eabi/lib/thumb/v7-m\libc_nano.a(lib_a-errno.o)
                              Src/syscalls.o (__errno)
f:/st/stm32cubeide_1.4.0/stm32cubeide/plugins/com.st.stm32cube.ide.mcu.externaltools.gnu-tools-for-stm32.7-2018-q2-update.win32_1.4.0.202007081208/tools/bin/../lib/gcc/arm-none-eabi/7.3.1/../../../../arm-none-eabi/lib/thumb/v7-m\libc_nano.a(lib_a-exit.o)
                              f:/st/stm32cubeide_1.4.0/stm32cubeide/plugins/com.st.stm32cube.ide.mcu.externaltools.gnu-tools-for-stm32.7-2018-q2-update.win32_1.4.0.202007081208/tools/bin/../lib/gcc/arm-none-eabi/7.3.1/../../../../arm-none-eabi/lib/thumb/v7-m/crt0.o (exit)
f:/st/stm32cubeide_1.4.0/stm32cubeide/plugins/com.st.stm32cube.ide.mcu.externaltools.gnu-tools-for-stm32.7-2018-q2-update.win32_1.4.0.202007081208/tools/bin/../lib/gcc/arm-none-eabi/7.3.1/../../../../arm-none-eabi/lib/thumb/v7-m\libc_nano.a(lib_a-impure.o)
                              f:/st/stm32cubeide_1.4.0/stm32cubeide/plugins/com.st.stm32cube.ide.mcu.externaltools.gnu-tools-for-stm32.7-2018-q2-update.win32_1.4.0.202007081208/tools/bin/../lib/gcc/arm-none-eabi/7.3.1/../../../../arm-none-eabi/lib/thumb/v7-m\libc_nano.a(lib_a-exit.o) (_global_impure_ptr)
f:/st/stm32cubeide_1.4.0/stm32cubeide/plugins/com.st.stm32cube.ide.mcu.externaltools.gnu-tools-for-stm32.7-2018-q2-update.win32_1.4.0.202007081208/tools/bin/../lib/gcc/arm-none-eabi/7.3.1/../../../../arm-none-eabi/lib/thumb/v7-m\libc_nano.a(lib_a-init.o)
                              f:/st/stm32cubeide_1.4.0/stm32cubeide/plugins/com.st.stm32cube.ide.mcu.externaltools.gnu-tools-for-stm32.7-2018-q2-update.win32_1.4.0.202007081208/tools/bin/../lib/gcc/arm-none-eabi/7.3.1/../../../../arm-none-eabi/lib/thumb/v7-m/crt0.o (__libc_init_array)
f:/st/stm32cubeide_1.4.0/stm32cubeide/plugins/com.st.stm32cube.ide.mcu.externaltools.gnu-tools-for-stm32.7-2018-q2-update.win32_1.4.0.202007081208/tools/bin/../lib/gcc/arm-none-eabi/7.3.1/../../../../arm-none-eabi/lib/thumb/v7-m\libc_nano.a(lib_a-memset.o)
                              f:/st/stm32cubeide_1.4.0/stm32cubeide/plugins/com.st.stm32cube.ide.mcu.externaltools.gnu-tools-for-stm32.7-2018-q2-update.win32_1.4.0.202007081208/tools/bin/../lib/gcc/arm-none-eabi/7.3.1/../../../../arm-none-eabi/lib/thumb/v7-m/crt0.o (memset)
f:/st/stm32cubeide_1.4.0/stm32cubeide/plugins/com.st.stm32cube.ide.mcu.externaltools.gnu-tools-for-stm32.7-2018-q2-update.win32_1.4.0.202007081208/tools/bin/../lib/gcc/arm-none-eabi/7.3.1/../../../../arm-none-eabi/lib/thumb/v7-m\libc_nano.a(lib_a-sprintf.o)
                              Stm32_F103C6_Drivers/LCD_Driver/LCD.o (sprintf)
f:/st/stm32cubeide_1.4.0/stm32cubeide/plugins/com.st.stm32cube.ide.mcu.externaltools.gnu-tools-for-stm32.7-2018-q2-update.win32_1.4.0.202007081208/tools/bin/../lib/gcc/arm-none-eabi/7.3.1/../../../../arm-none-eabi/lib/thumb/v7-m\libc_nano.a(lib_a-nano-svfprintf.o)
                              f:/st/stm32cubeide_1.4.0/stm32cubeide/plugins/com.st.stm32cube.ide.mcu.externaltools.gnu-tools-for-stm32.7-2018-q2-update.win32_1.4.0.202007081208/tools/bin/../lib/gcc/arm-none-eabi/7.3.1/../../../../arm-none-eabi/lib/thumb/v7-m\libc_nano.a(lib_a-sprintf.o) (_svfprintf_r)
f:/st/stm32cubeide_1.4.0/stm32cubeide/plugins/com.st.stm32cube.ide.mcu.externaltools.gnu-tools-for-stm32.7-2018-q2-update.win32_1.4.0.202007081208/tools/bin/../lib/gcc/arm-none-eabi/7.3.1/../../../../arm-none-eabi/lib/thumb/v7-m\libc_nano.a(lib_a-nano-vfprintf_i.o)
                              f:/st/stm32cubeide_1.4.0/stm32cubeide/plugins/com.st.stm32cube.ide.mcu.externaltools.gnu-tools-for-stm32.7-2018-q2-update.win32_1.4.0.202007081208/tools/bin/../lib/gcc/arm-none-eabi/7.3.1/../../../../arm-none-eabi/lib/thumb/v7-m\libc_nano.a(lib_a-nano-svfprintf.o) (_printf_i)
f:/st/stm32cubeide_1.4.0/stm32cubeide/plugins/com.st.stm32cube.ide.mcu.externaltools.gnu-tools-for-stm32.7-2018-q2-update.win32_1.4.0.202007081208/tools/bin/../lib/gcc/arm-none-eabi/7.3.1/../../../../arm-none-eabi/lib/thumb/v7-m\libc_nano.a(lib_a-memchr-stub.o)
                              f:/st/stm32cubeide_1.4.0/stm32cubeide/plugins/com.st.stm32cube.ide.mcu.externaltools.gnu-tools-for-stm32.7-2018-q2-update.win32_1.4.0.202007081208/tools/bin/../lib/gcc/arm-none-eabi/7.3.1/../../../../arm-none-eabi/lib/thumb/v7-m\libc_nano.a(lib_a-nano-svfprintf.o) (memchr)
f:/st/stm32cubeide_1.4.0/stm32cubeide/plugins/com.st.stm32cube.ide.mcu.externaltools.gnu-tools-for-stm32.7-2018-q2-update.win32_1.4.0.202007081208/tools/bin/../lib/gcc/arm-none-eabi/7.3.1/../../../../arm-none-eabi/lib/thumb/v7-m\libc_nano.a(lib_a-memcpy-stub.o)
[...]
Memory Configuration

Name             Origin             Length             Attributes
RAM              0x0000000020000000 0x0000000000002800 xrw
ROM              0x0000000008000000 0x0000000000008000 xr
*default*        0x0000000000000000 0xffffffffffffffff

Linker script and memory map

LOAD f:/st/stm32cubeide_1.4.0/stm32cubeide/plugins/com.st.stm32cube.ide.mcu.externaltools.gnu-tools-for-stm32.7-2018-q2-update.win32_1.4.0.202007081208/tools/bin/../lib/gcc/arm-none-eabi/7.3.1/thumb/v7-m/crti.o
LOAD f:/st/stm32cubeide_1.4.0/stm32cubeide/plugins/com.st.stm32cube.ide.mcu.externaltools.gnu-tools-for-stm32.7-2018-q2-update.win32_1.4.0.202007081208/tools/bin/../lib/gcc/arm-none-eabi/7.3.1/thumb/v7-m/crtbegin.o
LOAD f:/st/stm32cubeide_1.4.0/stm32cubeide/plugins/com.st.stm32cube.ide.mcu.externaltools.gnu-tools-for-stm32.7-2018-q2-update.win32_1.4.0.202007081208/tools/bin/../lib/gcc/arm-none-eabi/7.3.1/../../../../arm-none-eabi/lib/thumb/v7-m/crt0.o
LOAD Src/main.o
LOAD Src/syscalls.o
LOAD Src/sysmem.o
LOAD Startup/startup_stm32f103c6tx.o
LOAD Stm32_F103C6_Drivers/EXIT_Driver/Stm32F_103C6_EXIT_Driver.o
LOAD Stm32_F103C6_Drivers/GPIO_Driver/Stm32F_103C6_Gpio_Driver.o
LOAD Stm32_F103C6_Drivers/KeyPad_Driver/KeyPad.o
LOAD Stm32_F103C6_Drivers/LCD_Driver/LCD.o
LOAD Stm32_F103C6_Drivers/RCC_Partial_Driver/Stm32F_103C6_RCC_Driver.o
LOAD Stm32_F103C6_Drivers/UART_Driver/Stm32F_103C6_UART_Driver.o
START GROUP
LOAD f:/st/stm32cubeide_1.4.0/stm32cubeide/plugins/com.st.stm32cube.ide.mcu.externaltools.gnu-tools-for-stm32.7-2018-q2-update.win32_1.4.0.202007081208/tools/bin/../lib/gcc/arm-none-eabi/7.3.1/../../../../arm-none-eabi/lib/thumb/v7-m\libc_nano.a
LOAD f:/st/stm32cubeide_1.4.0/stm32cubeide/plugins/com.st.stm32cube.ide.mcu.externaltools.gnu-tools-for-stm32.7-2018-q2-update.win32_1.4.0.202007081208/tools/bin/../lib/gcc/arm-none-eabi/7.3.1/../../../../arm-none-eabi/lib/thumb/v7-m\libm.a
END GROUP
START GROUP
LOAD f:/st/stm32cubeide_1.4.0/stm32cubeide/plugins/com.st.stm32cube.ide.mcu.externaltools.gnu-tools-for-stm32.7-2018-q2-update.win32_1.4.0.202007081208/tools/bin/../lib/gcc/arm-none-eabi/7.3.1/thumb/v7-m\libgcc.a
LOAD f:/st/stm32cubeide_1.4.0/stm32cubeide/plugins/com.st.stm32cube.ide.mcu.externaltools.gnu-tools-for-stm32.7-2018-q2-update.win32_1.4.0.202007081208/tools/bin/../lib/gcc/arm-none-eabi/7.3.1/../../../../arm-none-eabi/lib/thumb/v7-m\libg_nano.a
LOAD f:/st/stm32cubeide_1.4.0/stm32cubeide/plugins/com.st.stm32cube.ide.mcu.externaltools.gnu-tools-for-stm32.7-2018-q2-update.win32_1.4.0.202007081208/tools/bin/../lib/gcc/arm-none-eabi/7.3.1/../../../../arm-none-eabi/lib/thumb/v7-m\libc_nano.a
END GROUP
START GROUP
LOAD f:/st/stm32cubeide_1.4.0/stm32cubeide/plugins/com.st.stm32cube.ide.mcu.externaltools.gnu-tools-for-stm32.7-2018-q2-update.win32_1.4.0.202007081208/tools/bin/../lib/gcc/arm-none-eabi/7.3.1/thumb/v7-m\libgcc.a
LOAD f:/st/stm32cubeide_1.4.0/stm32cubeide/plugins/com.st.stm32cube.ide.mcu.externaltools.gnu-tools-for-stm32.7-2018-q2-update.win32_1.4.0.202007081208/tools/bin/../lib/gcc/arm-none-eabi/7.3.1/../../../../arm-none-eabi/lib/thumb/v7-m\libc_nano.a
LOAD f:/st/stm32cubeide_1.4.0/stm32cubeide/plugins/com.st.stm32cube.ide.mcu.externaltools.gnu-tools-for-stm32.7-2018-q2-update.win32_1.4.0.202007081208/tools/bin/../lib/gcc/arm-none-eabi/7.3.1/../../../../arm-none-eabi/lib/thumb/v7-m\libnosys.a
END GROUP
START GROUP
LOAD f:/st/stm32cubeide_1.4.0/stm32cubeide/plugins/com.st.stm32cube.ide.mcu.externaltools.gnu-tools-for-stm32.7-2018-q2-update.win32_1.4.0.202007081208/tools/bin/../lib/gcc/arm-none-eabi/7.3.1/thumb/v7-m\libgcc.a
LOAD f:/st/stm32cubeide_1.4.0/stm32cubeide/plugins/com.st.stm32cube.ide.mcu.externaltools.gnu-tools-for-stm32.7-2018-q2-update.win32_1.4.0.202007081208/tools/bin/../lib/gcc/arm-none-eabi/7.3.1/../../../../arm-none-eabi/lib/thumb/v7-m\libc_nano.a
LOAD f:/st/stm32cubeide_1.4.0/stm32cubeide/plugins/com.st.stm32cube.ide.mcu.externaltools.gnu-tools-for-stm32.7-2018-q2-update.win32_1.4.0.202007081208/tools/bin/../lib/gcc/arm-none-eabi/7.3.1/../../../../arm-none-eabi/lib/thumb/v7-m\libnosys.a
END GROUP
LOAD f:/st/stm32cubeide_1.4.0/stm32cubeide/plugins/com.st.stm32cube.ide.mcu.externaltools.gnu-tools-for-stm32.7-2018-q2-update.win32_1.4.0.202007081208/tools/bin/../lib/gcc/arm-none-eabi/7.3.1/thumb/v7-m/crtend.o
LOAD f:/st/stm32cubeide_1.4.0/stm32cubeide/plugins/com.st.stm32cube.ide.mcu.externaltools.gnu-tools-for-stm32.7-2018-q2-update.win32_1.4.0.202007081208/tools/bin/../lib/gcc/arm-none-eabi/7.3.1/thumb/v7-m/crtn.o
                0x0000000020002800                _estack = (ORIGIN (RAM) + LENGTH (RAM))
                0x0000000000000200                _Min_Heap_Size = 0x200
                0x0000000000000400                _Min_Stack_Size = 0x400

.isr_vector     0x0000000008000000      0x130
                0x0000000008000000                . = ALIGN (0x4)
 *(.isr_vector)
 .isr_vector    0x0000000008000000      0x130 Startup/startup_stm32f103c6tx.o
                0x0000000008000000                g_pfnVectors
                0x0000000008000130                . = ALIGN (0x4)

.text           0x0000000008000130      0x950
                0x0000000008000130                . = ALIGN (0x4)
 *(.text)
 .text          0x0000000008000130       0x40 f:/st/stm32cubeide_1.4.0/stm32cubeide/plugins/com.st.stm32cube.ide.mcu.externaltools.gnu-tools-for-stm32.7-2018-q2-update.win32_1.4.0.202007081208/tools/bin/../lib/gcc/arm-none-eabi/7.3.1/thumb/v7-m/crtbegin.o
 *(.text*)
 .text.clock_init
                0x0000000008000170       0x34 Src/main.o
                0x0000000008000170                clock_init
 .text.wait     0x00000000080001a4       0x38 Src/main.o
                0x00000000080001a4                wait
 .text.Mohamed_USART_IRQ_CallBack
                0x00000000080001dc       0x24 Src/main.o
                0x00000000080001dc                Mohamed_USART_IRQ_CallBack
 .text.main     0x0000000008000200       0x4c Src/main.o
                0x0000000008000200                main
 .text.Reset_Handler
                0x000000000800024c       0x50 Startup/startup_stm32f103c6tx.o
                0x000000000800024c                Reset_Handler
 .text.Default_Handler
                0x000000000800029c        0x2 Startup/startup_stm32f103c6tx.o
                0x000000000800029c                TIM8_TRG_COM_IRQHandler
                0x000000000800029c                TIM8_CC_IRQHandler
                0x000000000800029c                DebugMon_Handler
                0x000000000800029c                TIM1_CC_IRQHandler
                0x000000000800029c                HardFault_Handler
                0x000000000800029c                TIM6_IRQHandler
                0x000000000800029c                SysTick_Handler
                0x000000000800029c                PVD_IRQHandler
                0x000000000800029c                SDIO_IRQHandler
                0x000000000800029c                PendSV_Handler
                0x000000000800029c                NMI_Handler
                0x000000000800029c                EXTI3_IRQHandler
                0x000000000800029c                USB_HP_CAN_TX_IRQHandler
                0x000000000800029c                I2C2_EV_IRQHandler
                0x000000000800029c                UsageFault_Handler
                0x000000000800029c                ADC1_2_IRQHandler
                0x000000000800029c                SPI1_IRQHandler
                0x000000000800029c                CAN_SCE_IRQHandler
                0x000000000800029c                TAMPER_IRQHandler
                0x000000000800029c                TIM8_UP_IRQHandler
                0x000000000800029c                DMA2_Channel2_IRQHandler
                0x000000000800029c                DMA1_Channel4_IRQHandler
                0x000000000800029c                RTC_IRQHandler
                0x000000000800029c                DMA1_Channel7_IRQHandler
                0x000000000800029c                UART5_IRQHandler
                0x000000000800029c                ADC3_IRQHandler
                0x000000000800029c                TIM4_IRQHandler
                0x000000000800029c                CAN_RX1_IRQHandler
                0x000000000800029c                DMA2_Channel1_IRQHandler
                0x000000000800029c                I2C1_EV_IRQHandler
                0x000000000800029c                DMA1_Channel6_IRQHandler
                0x000000000800029c                UART4_IRQHandler
                0x000000000800029c                TIM3_IRQHandler
                0x000000000800029c                RCC_IRQHandler
                0x000000000800029c                TIM1_TRG_COM_IRQHandler
                0x000000000800029c                DMA1_Channel1_IRQHandler
                0x000000000800029c                Default_Handler
                0x000000000800029c                TIM7_IRQHandler
                0x000000000800029c                TIM5_IRQHandler
                0x000000000800029c                SPI2_IRQHandler
                0x000000000800029c                USB_LP_CAN_RX0_IRQHandler
                0x000000000800029c                MemManage_Handler
                0x000000000800029c                SVC_Handler
                0x000000000800029c                DMA1_Channel5_IRQHandler
                0x000000000800029c                DMA1_Channel3_IRQHandler
                0x000000000800029c                FSMC_IRQHandler
                0x000000000800029c                TIM1_UP_IRQHandler
                0x000000000800029c                WWDG_IRQHandler
                0x000000000800029c                TIM2_IRQHandler
                0x000000000800029c                TIM1_BRK_IRQHandler
                0x000000000800029c                RTCAlarm_IRQHandler
                0x000000000800029c                DMA2_Channel4_5_IRQHandler
                0x000000000800029c                I2C2_ER_IRQHandler
                0x000000000800029c                DMA1_Channel2_IRQHandler
                0x000000000800029c                TIM8_BRK_IRQHandler
                0x000000000800029c                FLASH_IRQHandler
                0x000000000800029c                BusFault_Handler
                0x000000000800029c                SPI3_IRQHandler
                0x000000000800029c                I2C1_ER_IRQHandler
                0x000000000800029c                DMA2_Channel3_IRQHandler
 *fill*         0x000000000800029e        0x2 
 .text.EXTI0_IRQHandler
                0x00000000080002a0       0x24 Stm32_F103C6_Drivers/EXIT_Driver/Stm32F_103C6_EXIT_Driver.o
                0x00000000080002a0                EXTI0_IRQHandler
 .text.EXTI1_IRQHandler
                0x00000000080002c4       0x24 Stm32_F103C6_Drivers/EXIT_Driver/Stm32F_103C6_EXIT_Driver.o
                0x00000000080002c4                EXTI1_IRQHandler
 .text.EXTI2_IRQHandler
                0x00000000080002e8       0x24 Stm32_F103C6_Drivers/EXIT_Driver/Stm32F_103C6_EXIT_Driver.o
                0x00000000080002e8                EXTI2_IRQHandler
 .text.EXTI4_IRQHandler
                0x000000000800030c       0x24 Stm32_F103C6_Drivers/EXIT_Driver/Stm32F_103C6_EXIT_Driver.o
                0x000000000800030c                EXTI4_IRQHandler
 .text.EXTI9_5_IRQHandler
                0x0000000008000330       0xa8 Stm32_F103C6_Drivers/EXIT_Driver/Stm32F_103C6_EXIT_Driver.o
                0x0000000008000330                EXTI9_5_IRQHandler
 .text.EXTI15_10_IRQHandler
                0x00000000080003d8       0xc4 Stm32_F103C6_Drivers/EXIT_Driver/Stm32F_103C6_EXIT_Driver.o
                0x00000000080003d8                EXTI15_10_IRQHandler
 .text.get_CRLH_position
                0x000000000800049c       0xc6 Stm32_F103C6_Drivers/GPIO_Driver/Stm32F_103C6_Gpio_Driver.o
                0x000000000800049c                get_CRLH_position
 .text.MCAL_GPIO_Init
                0x0000000008000562      0x12c Stm32_F103C6_Drivers/GPIO_Driver/Stm32F_103C6_Gpio_Driver.o
                0x0000000008000562                MCAL_GPIO_Init
 *fill*         0x000000000800068e        0x2 
 .text.MCAl_RCC_Get_SysClk_Freq
                0x0000000008000690       0x48 Stm32_F103C6_Drivers/RCC_Partial_Driver/Stm32F_103C6_RCC_Driver.o
                0x0000000008000690                MCAl_RCC_Get_SysClk_Freq
 .text.MCAl_RCC_Get_HCLK_Freq
                0x00000000080006d8       0x28 Stm32_F103C6_Drivers/RCC_Partial_Driver/Stm32F_103C6_RCC_Driver.o
                0x00000000080006d8                MCAl_RCC_Get_HCLK_Freq
 .text.MCAl_RCC_Get_PCLK1_Freq
                0x0000000008000700       0x28 Stm32_F103C6_Drivers/RCC_Partial_Driver/Stm32F_103C6_RCC_Driver.o
                0x0000000008000700                MCAl_RCC_Get_PCLK1_Freq
 .text.MCAl_RCC_Get_PCLK2_Freq
                0x0000000008000728       0x28 Stm32_F103C6_Drivers/RCC_Partial_Driver/Stm32F_103C6_RCC_Driver.o
                0x0000000008000728                MCAl_RCC_Get_PCLK2_Freq
 .text.MCAL_UART_Init
                0x0000000008000750      0x138 Stm32_F103C6_Drivers/UART_Driver/Stm32F_103C6_UART_Driver.o
                0x0000000008000750                MCAL_UART_Init
 .text.MCAL_UART_SendData
                0x0000000008000888       0x36 Stm32_F103C6_Drivers/UART_Driver/Stm32F_103C6_UART_Driver.o
                0x0000000008000888                MCAL_UART_SendData
 *fill*         0x00000000080008be        0x2 
 .text.MCAL_UART_ReceiveData
                0x00000000080008c0       0x58 Stm32_F103C6_Drivers/UART_Driver/Stm32F_103C6_UART_Driver.o
                0x00000000080008c0                MCAL_UART_ReceiveData
 .text.MCAL_UART_GPIO_Set_Pins
                0x0000000008000918       0xcc Stm32_F103C6_Drivers/UART_Driver/Stm32F_103C6_UART_Driver.o
                0x0000000008000918                MCAL_UART_GPIO_Set_Pins
 .text.USART1_IRQHandler
                0x00000000080009e4       0x14 Stm32_F103C6_Drivers/UART_Driver/Stm32F_103C6_UART_Driver.o
                0x00000000080009e4                USART1_IRQHandler
 .text.USART2_IRQHandler
                0x00000000080009f8       0x14 Stm32_F103C6_Drivers/UART_Driver/Stm32F_103C6_UART_Driver.o
                0x00000000080009f8                USART2_IRQHandler
 .text.USART3_IRQHandler
                0x0000000008000a0c       0x14 Stm32_F103C6_Drivers/UART_Driver/Stm32F_103C6_UART_Driver.o
                0x0000000008000a0c                USART3_IRQHandler
 .text.__libc_init_array
                0x0000000008000a20       0x48 f:/st/stm32cubeide_1.4.0/stm32cubeide/plugins/com.st.stm32cube.ide.mcu.externaltools.gnu-tools-for-stm32.7-2018-q2-update.win32_1.4.0.202007081208/tools/bin/../lib/gcc/arm-none-eabi/7.3.1/../../../../arm-none-eabi/lib/thumb/v7-m\libc_nano.a(lib_a-init.o)
                0x0000000008000a20                __libc_init_array
 *(.glue_7)
 .glue_7        0x0000000008000a68        0x0 linker stubs
 *(.glue_7t)
 .glue_7t       0x0000000008000a68        0x0 linker stubs
 *(.eh_frame)
 .eh_frame      0x0000000008000a68        0x0 f:/st/stm32cubeide_1.4.0/stm32cubeide/plugins/com.st.stm32cube.ide.mcu.externaltools.gnu-tools-for-stm32.7-2018-q2-update.win32_1.4.0.202007081208/tools/bin/../lib/gcc/arm-none-eabi/7.3.1/thumb/v7-m/crtbegin.o
 *(.init)
 .init          0x0000000008000a68        0x4 f:/st/stm32cubeide_1.4.0/stm32cubeide/plugins/com.st.stm32cube.ide.mcu.externaltools.gnu-tools-for-stm32.7-2018-q2-update.win32_1.4.0.202007081208/tools/bin/../lib/gcc/arm-none-eabi/7.3.1/thumb/v7-m/crti.o
                0x0000000008000a68                _init
 .init          0x0000000008000a6c        0x8 f:/st/stm32cubeide_1.4.0/stm32cubeide/plugins/com.st.stm32cube.ide.mcu.externaltools.gnu-tools-for-stm32.7-2018-q2-update.win32_1.4.0.202007081208/tools/bin/../lib/gcc/arm-none-eabi/7.3.1/thumb/v7-m/crtn.o
 *(.fini)
 .fini          0x0000000008000a74        0x4 f:/st/stm32cubeide_1.4.0/stm32cubeide/plugins/com.st.stm32cube.ide.mcu.externaltools.gnu-tools-for-stm32.7-2018-q2-update.win32_1.4.0.202007081208/tools/bin/../lib/gcc/arm-none-eabi/7.3.1/thumb/v7-m/crti.o
                0x0000000008000a74                _fini
 .fini          0x0000000008000a78        0x8 f:/st/stm32cubeide_1.4.0/stm32cubeide/plugins/com.st.stm32cube.ide.mcu.externaltools.gnu-tools-for-stm32.7-2018-q2-update.win32_1.4.0.202007081208/tools/bin/../lib/gcc/arm-none-eabi/7.3.1/thumb/v7-m/crtn.o
                0x0000000008000a80                . = ALIGN (0x4)
                0x0000000008000a80                _etext = .

.vfp11_veneer   0x0000000008000a80        0x0
 .vfp11_veneer  0x0000000008000a80        0x0 linker stubs

.v4_bx          0x0000000008000a80        0x0
 .v4_bx         0x0000000008000a80        0x0 linker stubs

.iplt           0x0000000008000a80        0x0
 .iplt          0x0000000008000a80        0x0 f:/st/stm32cubeide_1.4.0/stm32cubeide/plugins/com.st.stm32cube.ide.mcu.externaltools.gnu-tools-for-stm32.7-2018-q2-update.win32_1.4.0.202007081208/tools/bin/../lib/gcc/arm-none-eabi/7.3.1/thumb/v7-m/crtbegin.o

.rodata         0x0000000008000a80       0x18
                0x0000000008000a80                . = ALIGN (0x4)
 *(.rodata)
 *(.rodata*)
 .rodata.APB_Prsec_Table
                0x0000000008000a80        0x8 Stm32_F103C6_Drivers/RCC_Partial_Driver/Stm32F_103C6_RCC_Driver.o
                0x0000000008000a80                APB_Prsec_Table
 .rodata.AHB_Prsec_Table
                0x0000000008000a88       0x10 Stm32_F103C6_Drivers/RCC_Partial_Driver/Stm32F_103C6_RCC_Driver.o
                0x0000000008000a88                AHB_Prsec_Table
                0x0000000008000a98                . = ALIGN (0x4)

.rel.dyn        0x0000000008000a98        0x0
 .rel.iplt      0x0000000008000a98        0x0 f:/st/stm32cubeide_1.4.0/stm32cubeide/plugins/com.st.stm32cube.ide.mcu.externaltools.gnu-tools-for-stm32.7-2018-q2-update.win32_1.4.0.202007081208/tools/bin/../lib/gcc/arm-none-eabi/7.3.1/thumb/v7-m/crtbegin.o

.ARM.extab      0x0000000008000a98        0x0
                0x0000000008000a98                . = ALIGN (0x4)
 *(.ARM.extab* .gnu.linkonce.armextab.*)
                0x0000000008000a98                . = ALIGN (0x4)

.ARM            0x0000000008000a98        0x0
                0x0000000008000a98                . = ALIGN (0x4)
                0x0000000008000a98                __exidx_start = .
 *(.ARM.exidx*)
                0x0000000008000a98                __exidx_end = .
                0x0000000008000a98                . = ALIGN (0x4)

.preinit_array  0x0000000008000a98        0x0
                0x0000000008000a98                . = ALIGN (0x4)
                0x0000000008000a98                PROVIDE (__preinit_array_start = .)
 *(.preinit_array*)
                0x0000000008000a98                PROVIDE (__preinit_array_end = .)
                0x0000000008000a98                . = ALIGN (0x4)

.init_array     0x0000000008000a98        0x4
                0x0000000008000a98                . = ALIGN (0x4)
                0x0000000008000a98                PROVIDE (__init_array_start = .)
 *(SORT_BY_NAME(.init_array.*))
 *(.init_array*)
 .init_array    0x0000000008000a98        0x4 f:/st/stm32cubeide_1.4.0/stm32cubeide/plugins/com.st.stm32cube.ide.mcu.externaltools.gnu-tools-for-stm32.7-2018-q2-update.win32_1.4.0.202007081208/tools/bin/../lib/gcc/arm-none-eabi/7.3.1/thumb/v7-m/crtbegin.o
                0x0000000008000a9c                PROVIDE (__init_array_end = .)
                0x0000000008000a9c                . = ALIGN (0x4)

.fini_array     0x0000000008000a9c        0x4
                0x0000000008000a9c                . = ALIGN (0x4)
                [!provide]                        PROVIDE (__fini_array_start = .)
 *(SORT_BY_NAME(.fini_array.*))
 *(.fini_array*)
 .fini_array    0x0000000008000a9c        0x4 f:/st/stm32cubeide_1.4.0/stm32cubeide/plugins/com.st.stm32cube.ide.mcu.externaltools.gnu-tools-for-stm32.7-2018-q2-update.win32_1.4.0.202007081208/tools/bin/../lib/gcc/arm-none-eabi/7.3.1/thumb/v7-m/crtbegin.o
                [!provide]                        PROVIDE (__fini_array_end = .)
                0x0000000008000aa0                . = ALIGN (0x4)
                0x0000000008000aa0                _sidata = LOADADDR (.data)

.data           0x0000000020000000        0x0 load address 0x0000000008000aa0
                0x0000000020000000                . = ALIGN (0x4)
                0x0000000020000000                _sdata = .
 *(.data)
 *(.data*)
                0x0000000020000000                . = ALIGN (0x4)
                0x0000000020000000                _edata = .

.igot.plt       0x0000000020000000        0x0 load address 0x0000000008000aa0
 .igot.plt      0x0000000020000000        0x0 f:/st/stm32cubeide_1.4.0/stm32cubeide/plugins/com.st.stm32cube.ide.mcu.externaltools.gnu-tools-for-stm32.7-2018-q2-update.win32_1.4.0.202007081208/tools/bin/../lib/gcc/arm-none-eabi/7.3.1/thumb/v7-m/crtbegin.o
                0x0000000020000000                . = ALIGN (0x4)

.bss            0x0000000020000000       0x60 load address 0x0000000008000aa0
                0x0000000020000000                _sbss = .
                0x0000000020000000                __bss_start__ = _sbss
 *(.bss)
 .bss           0x0000000020000000       0x1c f:/st/stm32cubeide_1.4.0/stm32cubeide/plugins/com.st.stm32cube.ide.mcu.externaltools.gnu-tools-for-stm32.7-2018-q2-update.win32_1.4.0.202007081208/tools/bin/../lib/gcc/arm-none-eabi/7.3.1/thumb/v7-m/crtbegin.o
 *(.bss*)
 .bss.G_Config  0x000000002000001c        0x4 Stm32_F103C6_Drivers/UART_Driver/Stm32F_103C6_UART_Driver.o
                0x000000002000001c                G_Config
 *(COMMON)
 COMMON         0x0000000020000020        0x2 Src/main.o
                0x0000000020000020                Data
 *fill*         0x0000000020000022        0x2 
 COMMON         0x0000000020000024       0x3c Stm32_F103C6_Drivers/EXIT_Driver/Stm32F_103C6_EXIT_Driver.o
                0x0000000020000024                G_Call_Back
                0x0000000020000060                . = ALIGN (0x4)
                0x0000000020000060                _ebss = .
                0x0000000020000060                __bss_end__ = _ebss

._user_heap_stack
                0x0000000020000060      0x600 load address 0x0000000008000aa0
                0x0000000020000060                . = ALIGN (0x8)
                [!provide]                        PROVIDE (end = .)
                0x0000000020000060                PROVIDE (_end = .)
                0x0000000020000260                . = (. + _Min_Heap_Size)
 *fill*         0x0000000020000060      0x200 
                0x0000000020000660                . = (. + _Min_Stack_Size)
 *fill*         0x0000000020000260      0x400 
                0x0000000020000660                . = ALIGN (0x8)

/DISCARD/
 libc.a(*)
 libm.a(*)
 libgcc.a(*)

.ARM.attributes
                0x0000000000000000       0x29
 *(.ARM.attributes)
 .ARM.attributes
                0x0000000000000000       0x1d f:/st/stm32cubeide_1.4.0/stm32cubeide/plugins/com.st.stm32cube.ide.mcu.externaltools.gnu-tools-for-stm32.7-2018-q2-update.win32_1.4.0.202007081208/tools/bin/../lib/gcc/arm-none-eabi/7.3.1/thumb/v7-m/crti.o
 .ARM.attributes
                0x000000000000001d       0x2d f:/st/stm32cubeide_1.4.0/stm32cubeide/plugins/com.st.stm32cube.ide.mcu.externaltools.gnu-tools-for-stm32.7-2018-q2-update.win32_1.4.0.202007081208/tools/bin/../lib/gcc/arm-none-eabi/7.3.1/thumb/v7-m/crtbegin.o
 .ARM.attributes
                0x000000000000004a       0x33 Src/main.o
 .ARM.attributes
                0x000000000000007d       0x21 Startup/startup_stm32f103c6tx.o
 .ARM.attributes
                0x000000000000009e       0x33 Stm32_F103C6_Drivers/EXIT_Driver/Stm32F_103C6_EXIT_Driver.o
 .ARM.attributes
                0x00000000000000d1       0x33 Stm32_F103C6_Drivers/GPIO_Driver/Stm32F_103C6_Gpio_Driver.o
 .ARM.attributes
                0x0000000000000104       0x33 Stm32_F103C6_Drivers/RCC_Partial_Driver/Stm32F_103C6_RCC_Driver.o
 .ARM.attributes
                0x0000000000000137       0x33 Stm32_F103C6_Drivers/UART_Driver/Stm32F_103C6_UART_Driver.o
 .ARM.attributes
                0x000000000000016a       0x2d f:/st/stm32cubeide_1.4.0/stm32cubeide/plugins/com.st.stm32cube.ide.mcu.externaltools.gnu-tools-for-stm32.7-2018-q2-update.win32_1.4.0.202007081208/tools/bin/../lib/gcc/arm-none-eabi/7.3.1/../../../../arm-none-eabi/lib/thumb/v7-m\libc_nano.a(lib_a-init.o)
 .ARM.attributes
                0x0000000000000197       0x1d f:/st/stm32cubeide_1.4.0/stm32cubeide/plugins/com.st.stm32cube.ide.mcu.externaltools.gnu-tools-for-stm32.7-2018-q2-update.win32_1.4.0.202007081208/tools/bin/../lib/gcc/arm-none-eabi/7.3.1/thumb/v7-m/crtn.o
OUTPUT(Drivers.elf elf32-littlearm)

.debug_info     0x0000000000000000     0x408f
 .debug_info    0x0000000000000000      0xc24 Src/main.o
 .debug_info    0x0000000000000c24       0x22 Startup/startup_stm32f103c6tx.o
 .debug_info    0x0000000000000c46      0xdc5 Stm32_F103C6_Drivers/EXIT_Driver/Stm32F_103C6_EXIT_Driver.o
 .debug_info    0x0000000000001a0b      0xd64 Stm32_F103C6_Drivers/GPIO_Driver/Stm32F_103C6_Gpio_Driver.o
 .debug_info    0x000000000000276f      0xb19 Stm32_F103C6_Drivers/RCC_Partial_Driver/Stm32F_103C6_RCC_Driver.o
 .debug_info    0x0000000000003288      0xe07 Stm32_F103C6_Drivers/UART_Driver/Stm32F_103C6_UART_Driver.o

.debug_abbrev   0x0000000000000000      0xa5c
 .debug_abbrev  0x0000000000000000      0x205 Src/main.o
 .debug_abbrev  0x0000000000000205       0x12 Startup/startup_stm32f103c6tx.o
 .debug_abbrev  0x0000000000000217      0x237 Stm32_F103C6_Drivers/EXIT_Driver/Stm32F_103C6_EXIT_Driver.o
 .debug_abbrev  0x000000000000044e      0x241 Stm32_F103C6_Drivers/GPIO_Driver/Stm32F_103C6_Gpio_Driver.o
 .debug_abbrev  0x000000000000068f      0x1aa Stm32_F103C6_Drivers/RCC_Partial_Driver/Stm32F_103C6_RCC_Driver.o
 .debug_abbrev  0x0000000000000839      0x223 Stm32_F103C6_Drivers/UART_Driver/Stm32F_103C6_UART_Driver.o

.debug_loc      0x0000000000000000      0xac8
 .debug_loc     0x0000000000000000      0x104 Src/main.o
 .debug_loc     0x0000000000000104      0x320 Stm32_F103C6_Drivers/EXIT_Driver/Stm32F_103C6_EXIT_Driver.o
 .debug_loc     0x0000000000000424      0x330 Stm32_F103C6_Drivers/GPIO_Driver/Stm32F_103C6_Gpio_Driver.o
 .debug_loc     0x0000000000000754       0xe0 Stm32_F103C6_Drivers/RCC_Partial_Driver/Stm32F_103C6_RCC_Driver.o
 .debug_loc     0x0000000000000834      0x294 Stm32_F103C6_Drivers/UART_Driver/Stm32F_103C6_UART_Driver.o

.debug_aranges  0x0000000000000000      0x1d8
 .debug_aranges
                0x0000000000000000       0x38 Src/main.o
 .debug_aranges
                0x0000000000000038       0x28 Startup/startup_stm32f103c6tx.o
 .debug_aranges
                0x0000000000000060       0x80 Stm32_F103C6_Drivers/EXIT_Driver/Stm32F_103C6_EXIT_Driver.o
 .debug_aranges
                0x00000000000000e0       0x60 Stm32_F103C6_Drivers/GPIO_Driver/Stm32F_103C6_Gpio_Driver.o
 .debug_aranges
                0x0000000000000140       0x38 Stm32_F103C6_Drivers/RCC_Partial_Driver/Stm32F_103C6_RCC_Driver.o
 .debug_aranges
                0x0000000000000178       0x60 Stm32_F103C6_Drivers/UART_Driver/Stm32F_103C6_UART_Driver.o

.debug_ranges   0x0000000000000000      0x180
 .debug_ranges  0x0000000000000000       0x28 Src/main.o
 .debug_ranges  0x0000000000000028       0x20 Startup/startup_stm32f103c6tx.o
 .debug_ranges  0x0000000000000048       0x70 Stm32_F103C6_Drivers/EXIT_Driver/Stm32F_103C6_EXIT_Driver.o
 .debug_ranges  0x00000000000000b8       0x50 Stm32_F103C6_Drivers/GPIO_Driver/Stm32F_103C6_Gpio_Driver.o
 .debug_ranges  0x0000000000000108       0x28 Stm32_F103C6_Drivers/RCC_Partial_Driver/Stm32F_103C6_RCC_Driver.o
 .debug_ranges  0x0000000000000130       0x50 Stm32_F103C6_Drivers/UART_Driver/Stm32F_103C6_UART_Driver.o

.debug_macro    0x0000000000000000     0x2b67
 .debug_macro   0x0000000000000000      0x15d Src/main.o
 .debug_macro   0x000000000000015d      0xa60 Src/main.o
 .debug_macro   0x0000000000000bbd       0x18 Src/main.o
 .debug_macro   0x0000000000000bd5       0x22 Src/main.o
 .debug_macro   0x0000000000000bf7       0x40 Src/main.o
 .debug_macro   0x0000000000000c37       0x94 Src/main.o
 .debug_macro   0x0000000000000ccb       0x3c Src/main.o
 .debug_macro   0x0000000000000d07       0x34 Src/main.o
 .debug_macro   0x0000000000000d3b       0x16 Src/main.o
 .debug_macro   0x0000000000000d51      0x10e Src/main.o
 .debug_macro   0x0000000000000e5f       0x8d Src/main.o
 .debug_macro   0x0000000000000eec       0x57 Src/main.o
 .debug_macro   0x0000000000000f43       0x52 Src/main.o
 .debug_macro   0x0000000000000f95       0x1f Src/main.o
 .debug_macro   0x0000000000000fb4       0x43 Src/main.o
 .debug_macro   0x0000000000000ff7       0x20 Src/main.o
 .debug_macro   0x0000000000001017      0x1a3 Src/main.o
 .debug_macro   0x00000000000011ba      0x330 Src/main.o
 .debug_macro   0x00000000000014ea       0x16 Src/main.o
 .debug_macro   0x0000000000001500       0x29 Src/main.o
 .debug_macro   0x0000000000001529       0xef Src/main.o
 .debug_macro   0x0000000000001618       0x6a Src/main.o
 .debug_macro   0x0000000000001682      0x1df Src/main.o
 .debug_macro   0x0000000000001861      0x207 Src/main.o
 .debug_macro   0x0000000000001a68       0xd0 Src/main.o
 .debug_macro   0x0000000000001b38      0x231 Src/main.o
 .debug_macro   0x0000000000001d69       0xe8 Src/main.o
 .debug_macro   0x0000000000001e51       0xa0 Src/main.o
 .debug_macro   0x0000000000001ef1       0x40 Src/main.o
 .debug_macro   0x0000000000001f31      0x14e Stm32_F103C6_Drivers/EXIT_Driver/Stm32F_103C6_EXIT_Driver.o
 .debug_macro   0x000000000000207f       0x8e Stm32_F103C6_Drivers/EXIT_Driver/Stm32F_103C6_EXIT_Driver.o
 .debug_macro   0x000000000000210d       0x51 Stm32_F103C6_Drivers/EXIT_Driver/Stm32F_103C6_EXIT_Driver.o
 .debug_macro   0x000000000000215e       0x46 Stm32_F103C6_Drivers/EXIT_Driver/Stm32F_103C6_EXIT_Driver.o
 .debug_macro   0x00000000000021a4      0x20d Stm32_F103C6_Drivers/EXIT_Driver/Stm32F_103C6_EXIT_Driver.o
 .debug_macro   0x00000000000023b1      0x22b Stm32_F103C6_Drivers/EXIT_Driver/Stm32F_103C6_EXIT_Driver.o
 .debug_macro   0x00000000000025dc      0x13f Stm32_F103C6_Drivers/GPIO_Driver/Stm32F_103C6_Gpio_Driver.o
 .debug_macro   0x000000000000271b       0xca Stm32_F103C6_Drivers/GPIO_Driver/Stm32F_103C6_Gpio_Driver.o
 .debug_macro   0x00000000000027e5      0x139 Stm32_F103C6_Drivers/RCC_Partial_Driver/Stm32F_103C6_RCC_Driver.o
 .debug_macro   0x000000000000291e       0x16 Stm32_F103C6_Drivers/RCC_Partial_Driver/Stm32F_103C6_RCC_Driver.o
 .debug_macro   0x0000000000002934      0x151 Stm32_F103C6_Drivers/UART_Driver/Stm32F_103C6_UART_Driver.o
 .debug_macro   0x0000000000002a85       0xe2 Stm32_F103C6_Drivers/UART_Driver/Stm32F_103C6_UART_Driver.o

.debug_line     0x0000000000000000     0x23a5
 .debug_line    0x0000000000000000      0x77f Src/main.o
 .debug_line    0x000000000000077f       0x84 Startup/startup_stm32f103c6tx.o
 .debug_line    0x0000000000000803      0x7ed Stm32_F103C6_Drivers/EXIT_Driver/Stm32F_103C6_EXIT_Driver.o
 .debug_line    0x0000000000000ff0      0x698 Stm32_F103C6_Drivers/GPIO_Driver/Stm32F_103C6_Gpio_Driver.o
 .debug_line    0x0000000000001688      0x5c6 Stm32_F103C6_Drivers/RCC_Partial_Driver/Stm32F_103C6_RCC_Driver.o
 .debug_line    0x0000000000001c4e      0x757 Stm32_F103C6_Drivers/UART_Driver/Stm32F_103C6_UART_Driver.o

.debug_str      0x0000000000000000     0x9fb7
 .debug_str     0x0000000000000000     0x9912 Src/main.o
                                       0x9b78 (size before relaxing)
 .debug_str     0x0000000000009912       0x31 Startup/startup_stm32f103c6tx.o
                                         0x62 (size before relaxing)
 .debug_str     0x0000000000009943      0x32e Stm32_F103C6_Drivers/EXIT_Driver/Stm32F_103C6_EXIT_Driver.o
                                       0x93d6 (size before relaxing)
 .debug_str     0x0000000000009c71      0x101 Stm32_F103C6_Drivers/GPIO_Driver/Stm32F_103C6_Gpio_Driver.o
                                       0x8094 (size before relaxing)
 .debug_str     0x0000000000009d72      0x121 Stm32_F103C6_Drivers/RCC_Partial_Driver/Stm32F_103C6_RCC_Driver.o
                                       0x7c20 (size before relaxing)
 .debug_str     0x0000000000009e93      0x124 Stm32_F103C6_Drivers/UART_Driver/Stm32F_103C6_UART_Driver.o
                                       0x882d (size before relaxing)

.comment        0x0000000000000000       0x7b
 .comment       0x0000000000000000       0x7b Src/main.o
                                         0x7c (size before relaxing)
 .comment       0x000000000000007b       0x7c Stm32_F103C6_Drivers/EXIT_Driver/Stm32F_103C6_EXIT_Driver.o
 .comment       0x000000000000007b       0x7c Stm32_F103C6_Drivers/GPIO_Driver/Stm32F_103C6_Gpio_Driver.o
 .comment       0x000000000000007b       0x7c Stm32_F103C6_Drivers/RCC_Partial_Driver/Stm32F_103C6_RCC_Driver.o
 .comment       0x000000000000007b       0x7c Stm32_F103C6_Drivers/UART_Driver/Stm32F_103C6_UART_Driver.o

.debug_frame    0x0000000000000000      0x5c0
 .debug_frame   0x0000000000000000       0x94 Src/main.o
 .debug_frame   0x0000000000000094      0x1b0 Stm32_F103C6_Drivers/EXIT_Driver/Stm32F_103C6_EXIT_Driver.o
 .debug_frame   0x0000000000000244      0x178 Stm32_F103C6_Drivers/GPIO_Driver/Stm32F_103C6_Gpio_Driver.o
 .debug_frame   0x00000000000003bc       0x8c Stm32_F103C6_Drivers/RCC_Partial_Driver/Stm32F_103C6_RCC_Driver.o
 .debug_frame   0x0000000000000448      0x14c Stm32_F103C6_Drivers/UART_Driver/Stm32F_103C6_UART_Driver.o
 .debug_frame   0x0000000000000594       0x2c f:/st/stm32cubeide_1.4.0/stm32cubeide/plugins/com.st.stm32cube.ide.mcu.externaltools.gnu-tools-for-stm32.7-2018-q2-update.win32_1.4.0.202007081208/tools/bin/../lib/gcc/arm-none-eabi/7.3.1/../../../../arm-none-eabi/lib/thumb/v7-m\libc_nano.a(lib_a-init.o)
